Archive member included to satisfy reference by file (symbol)

/opt/st/stm32cubeide_1.19.0/plugins/com.st.stm32cube.ide.mcu.externaltools.gnu-tools-for-stm32.13.3.rel1.linux64_1.0.0.202410170706/tools/bin/../lib/gcc/arm-none-eabi/13.3.1/../../../../arm-none-eabi/lib/thumb/v7-m/nofp/libc_nano.a(libc_a-exit.o)
                              /opt/st/stm32cubeide_1.19.0/plugins/com.st.stm32cube.ide.mcu.externaltools.gnu-tools-for-stm32.13.3.rel1.linux64_1.0.0.202410170706/tools/bin/../lib/gcc/arm-none-eabi/13.3.1/../../../../arm-none-eabi/lib/thumb/v7-m/nofp/crt0.o (exit)
/opt/st/stm32cubeide_1.19.0/plugins/com.st.stm32cube.ide.mcu.externaltools.gnu-tools-for-stm32.13.3.rel1.linux64_1.0.0.202410170706/tools/bin/../lib/gcc/arm-none-eabi/13.3.1/../../../../arm-none-eabi/lib/thumb/v7-m/nofp/libc_nano.a(libc_a-findfp.o)
                              /opt/st/stm32cubeide_1.19.0/plugins/com.st.stm32cube.ide.mcu.externaltools.gnu-tools-for-stm32.13.3.rel1.linux64_1.0.0.202410170706/tools/bin/../lib/gcc/arm-none-eabi/13.3.1/../../../../arm-none-eabi/lib/thumb/v7-m/nofp/libc_nano.a(libc_a-exit.o) (__stdio_exit_handler)
/opt/st/stm32cubeide_1.19.0/plugins/com.st.stm32cube.ide.mcu.externaltools.gnu-tools-for-stm32.13.3.rel1.linux64_1.0.0.202410170706/tools/bin/../lib/gcc/arm-none-eabi/13.3.1/../../../../arm-none-eabi/lib/thumb/v7-m/nofp/libc_nano.a(libc_a-fwalk.o)
                              /opt/st/stm32cubeide_1.19.0/plugins/com.st.stm32cube.ide.mcu.externaltools.gnu-tools-for-stm32.13.3.rel1.linux64_1.0.0.202410170706/tools/bin/../lib/gcc/arm-none-eabi/13.3.1/../../../../arm-none-eabi/lib/thumb/v7-m/nofp/libc_nano.a(libc_a-findfp.o) (_fwalk_sglue)
/opt/st/stm32cubeide_1.19.0/plugins/com.st.stm32cube.ide.mcu.externaltools.gnu-tools-for-stm32.13.3.rel1.linux64_1.0.0.202410170706/tools/bin/../lib/gcc/arm-none-eabi/13.3.1/../../../../arm-none-eabi/lib/thumb/v7-m/nofp/libc_nano.a(libc_a-stdio.o)
                              /opt/st/stm32cubeide_1.19.0/plugins/com.st.stm32cube.ide.mcu.externaltools.gnu-tools-for-stm32.13.3.rel1.linux64_1.0.0.202410170706/tools/bin/../lib/gcc/arm-none-eabi/13.3.1/../../../../arm-none-eabi/lib/thumb/v7-m/nofp/libc_nano.a(libc_a-findfp.o) (__sread)
/opt/st/stm32cubeide_1.19.0/plugins/com.st.stm32cube.ide.mcu.externaltools.gnu-tools-for-stm32.13.3.rel1.linux64_1.0.0.202410170706/tools/bin/../lib/gcc/arm-none-eabi/13.3.1/../../../../arm-none-eabi/lib/thumb/v7-m/nofp/libc_nano.a(libc_a-memset.o)
                              /opt/st/stm32cubeide_1.19.0/plugins/com.st.stm32cube.ide.mcu.externaltools.gnu-tools-for-stm32.13.3.rel1.linux64_1.0.0.202410170706/tools/bin/../lib/gcc/arm-none-eabi/13.3.1/../../../../arm-none-eabi/lib/thumb/v7-m/nofp/crt0.o (memset)
/opt/st/stm32cubeide_1.19.0/plugins/com.st.stm32cube.ide.mcu.externaltools.gnu-tools-for-stm32.13.3.rel1.linux64_1.0.0.202410170706/tools/bin/../lib/gcc/arm-none-eabi/13.3.1/../../../../arm-none-eabi/lib/thumb/v7-m/nofp/libc_nano.a(libc_a-closer.o)
                              /opt/st/stm32cubeide_1.19.0/plugins/com.st.stm32cube.ide.mcu.externaltools.gnu-tools-for-stm32.13.3.rel1.linux64_1.0.0.202410170706/tools/bin/../lib/gcc/arm-none-eabi/13.3.1/../../../../arm-none-eabi/lib/thumb/v7-m/nofp/libc_nano.a(libc_a-stdio.o) (_close_r)
/opt/st/stm32cubeide_1.19.0/plugins/com.st.stm32cube.ide.mcu.externaltools.gnu-tools-for-stm32.13.3.rel1.linux64_1.0.0.202410170706/tools/bin/../lib/gcc/arm-none-eabi/13.3.1/../../../../arm-none-eabi/lib/thumb/v7-m/nofp/libc_nano.a(libc_a-reent.o)
                              /opt/st/stm32cubeide_1.19.0/plugins/com.st.stm32cube.ide.mcu.externaltools.gnu-tools-for-stm32.13.3.rel1.linux64_1.0.0.202410170706/tools/bin/../lib/gcc/arm-none-eabi/13.3.1/../../../../arm-none-eabi/lib/thumb/v7-m/nofp/libc_nano.a(libc_a-closer.o) (errno)
/opt/st/stm32cubeide_1.19.0/plugins/com.st.stm32cube.ide.mcu.externaltools.gnu-tools-for-stm32.13.3.rel1.linux64_1.0.0.202410170706/tools/bin/../lib/gcc/arm-none-eabi/13.3.1/../../../../arm-none-eabi/lib/thumb/v7-m/nofp/libc_nano.a(libc_a-impure.o)
                              /opt/st/stm32cubeide_1.19.0/plugins/com.st.stm32cube.ide.mcu.externaltools.gnu-tools-for-stm32.13.3.rel1.linux64_1.0.0.202410170706/tools/bin/../lib/gcc/arm-none-eabi/13.3.1/../../../../arm-none-eabi/lib/thumb/v7-m/nofp/libc_nano.a(libc_a-reent.o) (_impure_ptr)
/opt/st/stm32cubeide_1.19.0/plugins/com.st.stm32cube.ide.mcu.externaltools.gnu-tools-for-stm32.13.3.rel1.linux64_1.0.0.202410170706/tools/bin/../lib/gcc/arm-none-eabi/13.3.1/../../../../arm-none-eabi/lib/thumb/v7-m/nofp/libc_nano.a(libc_a-lseekr.o)
                              /opt/st/stm32cubeide_1.19.0/plugins/com.st.stm32cube.ide.mcu.externaltools.gnu-tools-for-stm32.13.3.rel1.linux64_1.0.0.202410170706/tools/bin/../lib/gcc/arm-none-eabi/13.3.1/../../../../arm-none-eabi/lib/thumb/v7-m/nofp/libc_nano.a(libc_a-stdio.o) (_lseek_r)
[...]
Memory Configuration

Name             Origin             Length             Attributes
RAM              0x20000000         0x0000c000         xrw
FLASH            0x08000000         0x00040000         xr
*default*        0x00000000         0xffffffff

Linker script and memory map

LOAD /opt/st/stm32cubeide_1.19.0/plugins/com.st.stm32cube.ide.mcu.externaltools.gnu-tools-for-stm32.13.3.rel1.linux64_1.0.0.202410170706/tools/bin/../lib/gcc/arm-none-eabi/13.3.1/thumb/v7-m/nofp/crti.o
LOAD /opt/st/stm32cubeide_1.19.0/plugins/com.st.stm32cube.ide.mcu.externaltools.gnu-tools-for-stm32.13.3.rel1.linux64_1.0.0.202410170706/tools/bin/../lib/gcc/arm-none-eabi/13.3.1/thumb/v7-m/nofp/crtbegin.o
LOAD /opt/st/stm32cubeide_1.19.0/plugins/com.st.stm32cube.ide.mcu.externaltools.gnu-tools-for-stm32.13.3.rel1.linux64_1.0.0.202410170706/tools/bin/../lib/gcc/arm-none-eabi/13.3.1/../../../../arm-none-eabi/lib/thumb/v7-m/nofp/crt0.o
LOAD ./Core/Src/dma.o
LOAD ./Core/Src/gpio.o
LOAD ./Core/Src/main.o
LOAD ./Core/Src/stm32f1xx_hal_msp.o
LOAD ./Core/Src/stm32f1xx_it.o
LOAD ./Core/Src/syscalls.o
LOAD ./Core/Src/sysmem.o
LOAD ./Core/Src/system_stm32f1xx.o
LOAD ./Core/Src/usart.o
LOAD ./Core/Startup/startup_stm32f103rctx.o
LOAD ./Drivers/STM32F1xx_HAL_Driver/Src/stm32f1xx_hal.o
LOAD ./Drivers/STM32F1xx_HAL_Driver/Src/stm32f1xx_hal_cortex.o
LOAD ./Drivers/STM32F1xx_HAL_Driver/Src/stm32f1xx_hal_dma.o
LOAD ./Drivers/STM32F1xx_HAL_Driver/Src/stm32f1xx_hal_exti.o
LOAD ./Drivers/STM32F1xx_HAL_Driver/Src/stm32f1xx_hal_flash.o
LOAD ./Drivers/STM32F1xx_HAL_Driver/Src/stm32f1xx_hal_flash_ex.o
LOAD ./Drivers/STM32F1xx_HAL_Driver/Src/stm32f1xx_hal_gpio.o
LOAD ./Drivers/STM32F1xx_HAL_Driver/Src/stm32f1xx_hal_gpio_ex.o
LOAD ./Drivers/STM32F1xx_HAL_Driver/Src/stm32f1xx_hal_pwr.o
LOAD ./Drivers/STM32F1xx_HAL_Driver/Src/stm32f1xx_hal_rcc.o
LOAD ./Drivers/STM32F1xx_HAL_Driver/Src/stm32f1xx_hal_rcc_ex.o
LOAD ./Drivers/STM32F1xx_HAL_Driver/Src/stm32f1xx_hal_uart.o
START GROUP
LOAD /opt/st/stm32cubeide_1.19.0/plugins/com.st.stm32cube.ide.mcu.externaltools.gnu-tools-for-stm32.13.3.rel1.linux64_1.0.0.202410170706/tools/bin/../lib/gcc/arm-none-eabi/13.3.1/../../../../arm-none-eabi/lib/thumb/v7-m/nofp/libc_nano.a
LOAD /opt/st/stm32cubeide_1.19.0/plugins/com.st.stm32cube.ide.mcu.externaltools.gnu-tools-for-stm32.13.3.rel1.linux64_1.0.0.202410170706/tools/bin/../lib/gcc/arm-none-eabi/13.3.1/../../../../arm-none-eabi/lib/thumb/v7-m/nofp/libm.a
END GROUP
START GROUP
LOAD /opt/st/stm32cubeide_1.19.0/plugins/com.st.stm32cube.ide.mcu.externaltools.gnu-tools-for-stm32.13.3.rel1.linux64_1.0.0.202410170706/tools/bin/../lib/gcc/arm-none-eabi/13.3.1/thumb/v7-m/nofp/libgcc.a
LOAD /opt/st/stm32cubeide_1.19.0/plugins/com.st.stm32cube.ide.mcu.externaltools.gnu-tools-for-stm32.13.3.rel1.linux64_1.0.0.202410170706/tools/bin/../lib/gcc/arm-none-eabi/13.3.1/../../../../arm-none-eabi/lib/thumb/v7-m/nofp/libc_nano.a
END GROUP
START GROUP
LOAD /opt/st/stm32cubeide_1.19.0/plugins/com.st.stm32cube.ide.mcu.externaltools.gnu-tools-for-stm32.13.3.rel1.linux64_1.0.0.202410170706/tools/bin/../lib/gcc/arm-none-eabi/13.3.1/thumb/v7-m/nofp/libgcc.a
LOAD /opt/st/stm32cubeide_1.19.0/plugins/com.st.stm32cube.ide.mcu.externaltools.gnu-tools-for-stm32.13.3.rel1.linux64_1.0.0.202410170706/tools/bin/../lib/gcc/arm-none-eabi/13.3.1/../../../../arm-none-eabi/lib/thumb/v7-m/nofp/libc_nano.a
LOAD /opt/st/stm32cubeide_1.19.0/plugins/com.st.stm32cube.ide.mcu.externaltools.gnu-tools-for-stm32.13.3.rel1.linux64_1.0.0.202410170706/tools/bin/../lib/gcc/arm-none-eabi/13.3.1/../../../../arm-none-eabi/lib/thumb/v7-m/nofp/libnosys.a
END GROUP
START GROUP
LOAD /opt/st/stm32cubeide_1.19.0/plugins/com.st.stm32cube.ide.mcu.externaltools.gnu-tools-for-stm32.13.3.rel1.linux64_1.0.0.202410170706/tools/bin/../lib/gcc/arm-none-eabi/13.3.1/thumb/v7-m/nofp/libgcc.a
LOAD /opt/st/stm32cubeide_1.19.0/plugins/com.st.stm32cube.ide.mcu.externaltools.gnu-tools-for-stm32.13.3.rel1.linux64_1.0.0.202410170706/tools/bin/../lib/gcc/arm-none-eabi/13.3.1/../../../../arm-none-eabi/lib/thumb/v7-m/nofp/libc_nano.a
LOAD /opt/st/stm32cubeide_1.19.0/plugins/com.st.stm32cube.ide.mcu.externaltools.gnu-tools-for-stm32.13.3.rel1.linux64_1.0.0.202410170706/tools/bin/../lib/gcc/arm-none-eabi/13.3.1/../../../../arm-none-eabi/lib/thumb/v7-m/nofp/libnosys.a
END GROUP
LOAD /opt/st/stm32cubeide_1.19.0/plugins/com.st.stm32cube.ide.mcu.externaltools.gnu-tools-for-stm32.13.3.rel1.linux64_1.0.0.202410170706/tools/bin/../lib/gcc/arm-none-eabi/13.3.1/thumb/v7-m/nofp/crtend.o
LOAD /opt/st/stm32cubeide_1.19.0/plugins/com.st.stm32cube.ide.mcu.externaltools.gnu-tools-for-stm32.13.3.rel1.linux64_1.0.0.202410170706/tools/bin/../lib/gcc/arm-none-eabi/13.3.1/thumb/v7-m/nofp/crtn.o
                0x2000c000                        _estack = (ORIGIN (RAM) + LENGTH (RAM))
                0x00000200                        _Min_Heap_Size = 0x200
                0x00000400                        _Min_Stack_Size = 0x400

.isr_vector     0x08000000      0x1e4
                0x08000000                        . = ALIGN (0x4)
 *(.isr_vector)
 .isr_vector    0x08000000      0x1e4 ./Core/Startup/startup_stm32f103rctx.o
                0x08000000                g_pfnVectors
                0x080001e4                        . = ALIGN (0x4)

.text           0x080001e4     0x25f8
                0x080001e4                        . = ALIGN (0x4)
 *(.text)
 .text          0x080001e4       0x40 /opt/st/stm32cubeide_1.19.0/plugins/com.st.stm32cube.ide.mcu.externaltools.gnu-tools-for-stm32.13.3.rel1.linux64_1.0.0.202410170706/tools/bin/../lib/gcc/arm-none-eabi/13.3.1/thumb/v7-m/nofp/crtbegin.o
 *(.text*)
 .text.MX_DMA_Init
                0x08000224       0x3c ./Core/Src/dma.o
                0x08000224                MX_DMA_Init
 .text.MX_GPIO_Init
                0x08000260      0x124 ./Core/Src/gpio.o
                0x08000260                MX_GPIO_Init
 .text.main     0x08000384       0x1c ./Core/Src/main.o
                0x08000384                main
 .text.SystemClock_Config
                0x080003a0       0x8a ./Core/Src/main.o
                0x080003a0                SystemClock_Config
 .text.Error_Handler
                0x0800042a        0xc ./Core/Src/main.o
                0x0800042a                Error_Handler
 *fill*         0x08000436        0x2 
 .text.HAL_MspInit
                0x08000438       0x64 ./Core/Src/stm32f1xx_hal_msp.o
                0x08000438                HAL_MspInit
 .text.NMI_Handler
                0x0800049c        0x8 ./Core/Src/stm32f1xx_it.o
                0x0800049c                NMI_Handler
 .text.HardFault_Handler
                0x080004a4        0x8 ./Core/Src/stm32f1xx_it.o
                0x080004a4                HardFault_Handler
 .text.MemManage_Handler
                0x080004ac        0x8 ./Core/Src/stm32f1xx_it.o
                0x080004ac                MemManage_Handler
 .text.BusFault_Handler
                0x080004b4        0x8 ./Core/Src/stm32f1xx_it.o
                0x080004b4                BusFault_Handler
 .text.UsageFault_Handler
                0x080004bc        0x8 ./Core/Src/stm32f1xx_it.o
                0x080004bc                UsageFault_Handler
 .text.SVC_Handler
                0x080004c4        0xc ./Core/Src/stm32f1xx_it.o
                0x080004c4                SVC_Handler
 .text.DebugMon_Handler
                0x080004d0        0xc ./Core/Src/stm32f1xx_it.o
                0x080004d0                DebugMon_Handler
 .text.PendSV_Handler
                0x080004dc        0xc ./Core/Src/stm32f1xx_it.o
                0x080004dc                PendSV_Handler
 .text.SysTick_Handler
                0x080004e8        0xc ./Core/Src/stm32f1xx_it.o
                0x080004e8                SysTick_Handler
 .text.DMA1_Channel4_IRQHandler
                0x080004f4       0x14 ./Core/Src/stm32f1xx_it.o
                0x080004f4                DMA1_Channel4_IRQHandler
 .text.USART1_IRQHandler
                0x08000508       0x14 ./Core/Src/stm32f1xx_it.o
                0x08000508                USART1_IRQHandler
 .text.SystemInit
                0x0800051c        0xc ./Core/Src/system_stm32f1xx.o
                0x0800051c                SystemInit
 .text.MX_USART1_UART_Init
                0x08000528       0x54 ./Core/Src/usart.o
                0x08000528                MX_USART1_UART_Init
 .text.HAL_UART_MspInit
                0x0800057c       0xfc ./Core/Src/usart.o
                0x0800057c                HAL_UART_MspInit
 .text.Reset_Handler
                0x08000678       0x48 ./Core/Startup/startup_stm32f103rctx.o
                0x08000678                Reset_Handler
 .text.Default_Handler
                0x080006c0        0x2 ./Core/Startup/startup_stm32f103rctx.o
                0x080006c0                RTC_Alarm_IRQHandler
                0x080006c0                EXTI2_IRQHandler
                0x080006c0                TIM8_TRG_COM_IRQHandler
                0x080006c0                TIM8_CC_IRQHandler
                0x080006c0                TIM1_CC_IRQHandler
                0x080006c0                TIM6_IRQHandler
                0x080006c0                PVD_IRQHandler
                0x080006c0                SDIO_IRQHandler
                0x080006c0                EXTI3_IRQHandler
                0x080006c0                EXTI0_IRQHandler
                0x080006c0                I2C2_EV_IRQHandler
                0x080006c0                ADC1_2_IRQHandler
                0x080006c0                SPI1_IRQHandler
                0x080006c0                TAMPER_IRQHandler
                0x080006c0                TIM8_UP_IRQHandler
                0x080006c0                DMA2_Channel2_IRQHandler
                0x080006c0                USART3_IRQHandler
                0x080006c0                RTC_IRQHandler
                0x080006c0                DMA1_Channel7_IRQHandler
                0x080006c0                CAN1_RX1_IRQHandler
                0x080006c0                UART5_IRQHandler
                0x080006c0                ADC3_IRQHandler
                0x080006c0                TIM4_IRQHandler
                0x080006c0                DMA2_Channel1_IRQHandler
                0x080006c0                I2C1_EV_IRQHandler
                0x080006c0                DMA1_Channel6_IRQHandler
                0x080006c0                UART4_IRQHandler
                0x080006c0                TIM3_IRQHandler
                0x080006c0                RCC_IRQHandler
                0x080006c0                TIM1_TRG_COM_IRQHandler
                0x080006c0                DMA1_Channel1_IRQHandler
                0x080006c0                Default_Handler
                0x080006c0                EXTI15_10_IRQHandler
                0x080006c0                TIM7_IRQHandler
                0x080006c0                TIM5_IRQHandler
                0x080006c0                EXTI9_5_IRQHandler
                0x080006c0                SPI2_IRQHandler
                0x080006c0                DMA1_Channel5_IRQHandler
                0x080006c0                EXTI4_IRQHandler
                0x080006c0                USB_LP_CAN1_RX0_IRQHandler
                0x080006c0                USB_HP_CAN1_TX_IRQHandler
                0x080006c0                DMA1_Channel3_IRQHandler
                0x080006c0                FSMC_IRQHandler
                0x080006c0                TIM1_UP_IRQHandler
                0x080006c0                WWDG_IRQHandler
                0x080006c0                TIM2_IRQHandler
                0x080006c0                TIM1_BRK_IRQHandler
                0x080006c0                EXTI1_IRQHandler
                0x080006c0                DMA2_Channel4_5_IRQHandler
                0x080006c0                USART2_IRQHandler
                0x080006c0                I2C2_ER_IRQHandler
                0x080006c0                DMA1_Channel2_IRQHandler
                0x080006c0                TIM8_BRK_IRQHandler
                0x080006c0                CAN1_SCE_IRQHandler
                0x080006c0                FLASH_IRQHandler
                0x080006c0                SPI3_IRQHandler
                0x080006c0                I2C1_ER_IRQHandler
                0x080006c0                USBWakeUp_IRQHandler
                0x080006c0                DMA2_Channel3_IRQHandler
 *fill*         0x080006c2        0x2 
 .text.HAL_Init
                0x080006c4       0x2c ./Drivers/STM32F1xx_HAL_Driver/Src/stm32f1xx_hal.o
                0x080006c4                HAL_Init
 .text.HAL_InitTick
                0x080006f0       0x60 ./Drivers/STM32F1xx_HAL_Driver/Src/stm32f1xx_hal.o
                0x080006f0                HAL_InitTick
 .text.HAL_IncTick
                0x08000750       0x24 ./Drivers/STM32F1xx_HAL_Driver/Src/stm32f1xx_hal.o
                0x08000750                HAL_IncTick
 .text.HAL_GetTick
                0x08000774       0x14 ./Drivers/STM32F1xx_HAL_Driver/Src/stm32f1xx_hal.o
                0x08000774                HAL_GetTick
 .text.__NVIC_SetPriorityGrouping
                0x08000788       0x48 ./Drivers/STM32F1xx_HAL_Driver/Src/stm32f1xx_hal_cortex.o
 .text.__NVIC_GetPriorityGrouping
                0x080007d0       0x1c ./Drivers/STM32F1xx_HAL_Driver/Src/stm32f1xx_hal_cortex.o
 .text.__NVIC_EnableIRQ
                0x080007ec       0x38 ./Drivers/STM32F1xx_HAL_Driver/Src/stm32f1xx_hal_cortex.o
 .text.__NVIC_SetPriority
                0x08000824       0x54 ./Drivers/STM32F1xx_HAL_Driver/Src/stm32f1xx_hal_cortex.o
 .text.NVIC_EncodePriority
                0x08000878       0x64 ./Drivers/STM32F1xx_HAL_Driver/Src/stm32f1xx_hal_cortex.o
 .text.SysTick_Config
                0x080008dc       0x44 ./Drivers/STM32F1xx_HAL_Driver/Src/stm32f1xx_hal_cortex.o
 .text.HAL_NVIC_SetPriorityGrouping
                0x08000920       0x16 ./Drivers/STM32F1xx_HAL_Driver/Src/stm32f1xx_hal_cortex.o
                0x08000920                HAL_NVIC_SetPriorityGrouping
 .text.HAL_NVIC_SetPriority
                0x08000936       0x38 ./Drivers/STM32F1xx_HAL_Driver/Src/stm32f1xx_hal_cortex.o
                0x08000936                HAL_NVIC_SetPriority
 .text.HAL_NVIC_EnableIRQ
                0x0800096e       0x1c ./Drivers/STM32F1xx_HAL_Driver/Src/stm32f1xx_hal_cortex.o
                0x0800096e                HAL_NVIC_EnableIRQ
 .text.HAL_SYSTICK_Config
                0x0800098a       0x18 ./Drivers/STM32F1xx_HAL_Driver/Src/stm32f1xx_hal_cortex.o
                0x0800098a                HAL_SYSTICK_Config
 *fill*         0x080009a2        0x2 
 .text.HAL_DMA_Init
                0x080009a4       0xec ./Drivers/STM32F1xx_HAL_Driver/Src/stm32f1xx_hal_dma.o
                0x080009a4                HAL_DMA_Init
 .text.HAL_DMA_Abort
                0x08000a90       0x76 ./Drivers/STM32F1xx_HAL_Driver/Src/stm32f1xx_hal_dma.o
                0x08000a90                HAL_DMA_Abort
 *fill*         0x08000b06        0x2 
 .text.HAL_DMA_Abort_IT
                0x08000b08      0x210 ./Drivers/STM32F1xx_HAL_Driver/Src/stm32f1xx_hal_dma.o
                0x08000b08                HAL_DMA_Abort_IT
 .text.HAL_DMA_IRQHandler
                0x08000d18      0x478 ./Drivers/STM32F1xx_HAL_Driver/Src/stm32f1xx_hal_dma.o
                0x08000d18                HAL_DMA_IRQHandler
 .text.HAL_GPIO_Init
                0x08001190      0x328 ./Drivers/STM32F1xx_HAL_Driver/Src/stm32f1xx_hal_gpio.o
                0x08001190                HAL_GPIO_Init
 .text.HAL_GPIO_WritePin
                0x080014b8       0x30 ./Drivers/STM32F1xx_HAL_Driver/Src/stm32f1xx_hal_gpio.o
                0x080014b8                HAL_GPIO_WritePin
 .text.HAL_RCC_OscConfig
                0x080014e8      0x504 ./Drivers/STM32F1xx_HAL_Driver/Src/stm32f1xx_hal_rcc.o
                0x080014e8                HAL_RCC_OscConfig
 .text.HAL_RCC_ClockConfig
                0x080019ec      0x1d4 ./Drivers/STM32F1xx_HAL_Driver/Src/stm32f1xx_hal_rcc.o
                0x080019ec                HAL_RCC_ClockConfig
 .text.HAL_RCC_GetSysClockFreq
                0x08001bc0       0xa8 ./Drivers/STM32F1xx_HAL_Driver/Src/stm32f1xx_hal_rcc.o
                0x08001bc0                HAL_RCC_GetSysClockFreq
 .text.HAL_RCC_GetHCLKFreq
                0x08001c68       0x14 ./Drivers/STM32F1xx_HAL_Driver/Src/stm32f1xx_hal_rcc.o
                0x08001c68                HAL_RCC_GetHCLKFreq
 .text.HAL_RCC_GetPCLK1Freq
                0x08001c7c       0x28 ./Drivers/STM32F1xx_HAL_Driver/Src/stm32f1xx_hal_rcc.o
                0x08001c7c                HAL_RCC_GetPCLK1Freq
 .text.HAL_RCC_GetPCLK2Freq
                0x08001ca4       0x28 ./Drivers/STM32F1xx_HAL_Driver/Src/stm32f1xx_hal_rcc.o
                0x08001ca4                HAL_RCC_GetPCLK2Freq
 .text.RCC_Delay
                0x08001ccc       0x3c ./Drivers/STM32F1xx_HAL_Driver/Src/stm32f1xx_hal_rcc.o
 .text.HAL_UART_Init
                0x08001d08       0xa0 ./Drivers/STM32F1xx_HAL_Driver/Src/stm32f1xx_hal_uart.o
                0x08001d08                HAL_UART_Init
 .text.HAL_UART_IRQHandler
                0x08001da8      0x524 ./Drivers/STM32F1xx_HAL_Driver/Src/stm32f1xx_hal_uart.o
                0x08001da8                HAL_UART_IRQHandler
 .text.HAL_UART_TxCpltCallback
                0x080022cc       0x12 ./Drivers/STM32F1xx_HAL_Driver/Src/stm32f1xx_hal_uart.o
                0x080022cc                HAL_UART_TxCpltCallback
 .text.HAL_UART_RxCpltCallback
                0x080022de       0x12 ./Drivers/STM32F1xx_HAL_Driver/Src/stm32f1xx_hal_uart.o
                0x080022de                HAL_UART_RxCpltCallback
 .text.HAL_UART_ErrorCallback
                0x080022f0       0x12 ./Drivers/STM32F1xx_HAL_Driver/Src/stm32f1xx_hal_uart.o
                0x080022f0                HAL_UART_ErrorCallback
 .text.HAL_UARTEx_RxEventCallback
                0x08002302       0x16 ./Drivers/STM32F1xx_HAL_Driver/Src/stm32f1xx_hal_uart.o
                0x08002302                HAL_UARTEx_RxEventCallback
 .text.UART_EndRxTransfer
                0x08002318       0xc4 ./Drivers/STM32F1xx_HAL_Driver/Src/stm32f1xx_hal_uart.o
 .text.UART_DMAAbortOnError
                0x080023dc       0x28 ./Drivers/STM32F1xx_HAL_Driver/Src/stm32f1xx_hal_uart.o
 .text.UART_Transmit_IT
                0x08002404       0x9e ./Drivers/STM32F1xx_HAL_Driver/Src/stm32f1xx_hal_uart.o
 .text.UART_EndTransmit_IT
                0x080024a2       0x30 ./Drivers/STM32F1xx_HAL_Driver/Src/stm32f1xx_hal_uart.o
 .text.UART_Receive_IT
                0x080024d2      0x17c ./Drivers/STM32F1xx_HAL_Driver/Src/stm32f1xx_hal_uart.o
 *fill*         0x0800264e        0x2 
 .text.UART_SetConfig
                0x08002650      0x11c ./Drivers/STM32F1xx_HAL_Driver/Src/stm32f1xx_hal_uart.o
 .text.memset   0x0800276c       0x10 /opt/st/stm32cubeide_1.19.0/plugins/com.st.stm32cube.ide.mcu.externaltools.gnu-tools-for-stm32.13.3.rel1.linux64_1.0.0.202410170706/tools/bin/../lib/gcc/arm-none-eabi/13.3.1/../../../../arm-none-eabi/lib/thumb/v7-m/nofp/libc_nano.a(libc_a-memset.o)
                0x0800276c                memset
 .text.__libc_init_array
                0x0800277c       0x48 /opt/st/stm32cubeide_1.19.0/plugins/com.st.stm32cube.ide.mcu.externaltools.gnu-tools-for-stm32.13.3.rel1.linux64_1.0.0.202410170706/tools/bin/../lib/gcc/arm-none-eabi/13.3.1/../../../../arm-none-eabi/lib/thumb/v7-m/nofp/libc_nano.a(libc_a-init.o)
                0x0800277c                __libc_init_array
 *(.glue_7)
 .glue_7        0x080027c4        0x0 linker stubs
 *(.glue_7t)
 .glue_7t       0x080027c4        0x0 linker stubs
 *(.eh_frame)
 .eh_frame      0x080027c4        0x0 /opt/st/stm32cubeide_1.19.0/plugins/com.st.stm32cube.ide.mcu.externaltools.gnu-tools-for-stm32.13.3.rel1.linux64_1.0.0.202410170706/tools/bin/../lib/gcc/arm-none-eabi/13.3.1/thumb/v7-m/nofp/crtbegin.o
 *(.init)
 .init          0x080027c4        0x4 /opt/st/stm32cubeide_1.19.0/plugins/com.st.stm32cube.ide.mcu.externaltools.gnu-tools-for-stm32.13.3.rel1.linux64_1.0.0.202410170706/tools/bin/../lib/gcc/arm-none-eabi/13.3.1/thumb/v7-m/nofp/crti.o
                0x080027c4                _init
 .init          0x080027c8        0x8 /opt/st/stm32cubeide_1.19.0/plugins/com.st.stm32cube.ide.mcu.externaltools.gnu-tools-for-stm32.13.3.rel1.linux64_1.0.0.202410170706/tools/bin/../lib/gcc/arm-none-eabi/13.3.1/thumb/v7-m/nofp/crtn.o
 *(.fini)
 .fini          0x080027d0        0x4 /opt/st/stm32cubeide_1.19.0/plugins/com.st.stm32cube.ide.mcu.externaltools.gnu-tools-for-stm32.13.3.rel1.linux64_1.0.0.202410170706/tools/bin/../lib/gcc/arm-none-eabi/13.3.1/thumb/v7-m/nofp/crti.o
                0x080027d0                _fini
 .fini          0x080027d4        0x8 /opt/st/stm32cubeide_1.19.0/plugins/com.st.stm32cube.ide.mcu.externaltools.gnu-tools-for-stm32.13.3.rel1.linux64_1.0.0.202410170706/tools/bin/../lib/gcc/arm-none-eabi/13.3.1/thumb/v7-m/nofp/crtn.o
                0x080027dc                        . = ALIGN (0x4)
                0x080027dc                        _etext = .

.vfp11_veneer   0x080027dc        0x0
 .vfp11_veneer  0x080027dc        0x0 linker stubs

.v4_bx          0x080027dc        0x0
 .v4_bx         0x080027dc        0x0 linker stubs

.iplt           0x080027dc        0x0
 .iplt          0x080027dc        0x0 /opt/st/stm32cubeide_1.19.0/plugins/com.st.stm32cube.ide.mcu.externaltools.gnu-tools-for-stm32.13.3.rel1.linux64_1.0.0.202410170706/tools/bin/../lib/gcc/arm-none-eabi/13.3.1/thumb/v7-m/nofp/crtbegin.o

.rodata         0x080027dc       0x2c
                0x080027dc                        . = ALIGN (0x4)
 *(.rodata)
 *(.rodata*)
 .rodata.AHBPrescTable
                0x080027dc       0x10 ./Core/Src/system_stm32f1xx.o
                0x080027dc                AHBPrescTable
 .rodata.APBPrescTable
                0x080027ec        0x8 ./Core/Src/system_stm32f1xx.o
                0x080027ec                APBPrescTable
 .rodata.aPLLMULFactorTable.1
                0x080027f4       0x10 ./Drivers/STM32F1xx_HAL_Driver/Src/stm32f1xx_hal_rcc.o
 .rodata.aPredivFactorTable.0
                0x08002804        0x2 ./Drivers/STM32F1xx_HAL_Driver/Src/stm32f1xx_hal_rcc.o
                0x08002808                        . = ALIGN (0x4)
 *fill*         0x08002806        0x2 

.ARM.extab      0x08002808        0x0
                0x08002808                        . = ALIGN (0x4)
 *(.ARM.extab* .gnu.linkonce.armextab.*)
                0x08002808                        . = ALIGN (0x4)

.ARM            0x08002808        0x0
                0x08002808                        . = ALIGN (0x4)
                0x08002808                        __exidx_start = .
 *(.ARM.exidx*)
                0x08002808                        __exidx_end = .
                0x08002808                        . = ALIGN (0x4)

.preinit_array  0x08002808        0x0
                0x08002808                        . = ALIGN (0x4)
                0x08002808                        PROVIDE (__preinit_array_start = .)
 *(.preinit_array*)
                0x08002808                        PROVIDE (__preinit_array_end = .)
                0x08002808                        . = ALIGN (0x4)

.init_array     0x08002808        0x4
                0x08002808                        . = ALIGN (0x4)
                0x08002808                        PROVIDE (__init_array_start = .)
 *(SORT_BY_NAME(.init_array.*))
 *(.init_array*)
 .init_array    0x08002808        0x4 /opt/st/stm32cubeide_1.19.0/plugins/com.st.stm32cube.ide.mcu.externaltools.gnu-tools-for-stm32.13.3.rel1.linux64_1.0.0.202410170706/tools/bin/../lib/gcc/arm-none-eabi/13.3.1/thumb/v7-m/nofp/crtbegin.o
                0x0800280c                        PROVIDE (__init_array_end = .)
                0x0800280c                        . = ALIGN (0x4)

.fini_array     0x0800280c        0x4
                0x0800280c                        . = ALIGN (0x4)
                [!provide]                        PROVIDE (__fini_array_start = .)
 *(SORT_BY_NAME(.fini_array.*))
 *(.fini_array*)
 .fini_array    0x0800280c        0x4 /opt/st/stm32cubeide_1.19.0/plugins/com.st.stm32cube.ide.mcu.externaltools.gnu-tools-for-stm32.13.3.rel1.linux64_1.0.0.202410170706/tools/bin/../lib/gcc/arm-none-eabi/13.3.1/thumb/v7-m/nofp/crtbegin.o
                [!provide]                        PROVIDE (__fini_array_end = .)
                0x08002810                        . = ALIGN (0x4)
                0x08002810                        _sidata = LOADADDR (.data)

.rel.dyn        0x08002810        0x0
 .rel.iplt      0x08002810        0x0 /opt/st/stm32cubeide_1.19.0/plugins/com.st.stm32cube.ide.mcu.externaltools.gnu-tools-for-stm32.13.3.rel1.linux64_1.0.0.202410170706/tools/bin/../lib/gcc/arm-none-eabi/13.3.1/thumb/v7-m/nofp/crtbegin.o

.data           0x20000000        0xc load address 0x08002810
                0x20000000                        . = ALIGN (0x4)
                0x20000000                        _sdata = .
 *(.data)
 *(.data*)
 .data.SystemCoreClock
                0x20000000        0x4 ./Core/Src/system_stm32f1xx.o
                0x20000000                SystemCoreClock
 .data.uwTickPrio
                0x20000004        0x4 ./Drivers/STM32F1xx_HAL_Driver/Src/stm32f1xx_hal.o
                0x20000004                uwTickPrio
 .data.uwTickFreq
                0x20000008        0x1 ./Drivers/STM32F1xx_HAL_Driver/Src/stm32f1xx_hal.o
                0x20000008                uwTickFreq
 *(.RamFunc)
 *(.RamFunc*)
                0x2000000c                        . = ALIGN (0x4)
 *fill*         0x20000009        0x3 
                0x2000000c                        _edata = .

.igot.plt       0x2000000c        0x0 load address 0x0800281c
 .igot.plt      0x2000000c        0x0 /opt/st/stm32cubeide_1.19.0/plugins/com.st.stm32cube.ide.mcu.externaltools.gnu-tools-for-stm32.13.3.rel1.linux64_1.0.0.202410170706/tools/bin/../lib/gcc/arm-none-eabi/13.3.1/thumb/v7-m/nofp/crtbegin.o
                0x2000000c                        . = ALIGN (0x4)

.bss            0x2000000c       0xac load address 0x0800281c
                0x2000000c                        _sbss = .
                0x2000000c                        __bss_start__ = _sbss
 *(.bss)
 .bss           0x2000000c       0x1c /opt/st/stm32cubeide_1.19.0/plugins/com.st.stm32cube.ide.mcu.externaltools.gnu-tools-for-stm32.13.3.rel1.linux64_1.0.0.202410170706/tools/bin/../lib/gcc/arm-none-eabi/13.3.1/thumb/v7-m/nofp/crtbegin.o
 *(.bss*)
 .bss.huart1    0x20000028       0x48 ./Core/Src/usart.o
                0x20000028                huart1
 .bss.hdma_usart1_tx
                0x20000070       0x44 ./Core/Src/usart.o
                0x20000070                hdma_usart1_tx
 .bss.uwTick    0x200000b4        0x4 ./Drivers/STM32F1xx_HAL_Driver/Src/stm32f1xx_hal.o
                0x200000b4                uwTick
 *(COMMON)
                0x200000b8                        . = ALIGN (0x4)
                0x200000b8                        _ebss = .
                0x200000b8                        __bss_end__ = _ebss

._user_heap_stack
                0x200000b8      0x600 load address 0x0800281c
                0x200000b8                        . = ALIGN (0x8)
                [!provide]                        PROVIDE (end = .)
                0x200000b8                        PROVIDE (_end = .)
                0x200002b8                        . = (. + _Min_Heap_Size)
 *fill*         0x200000b8      0x200 
                0x200006b8                        . = (. + _Min_Stack_Size)
 *fill*         0x200002b8      0x400 
                0x200006b8                        . = ALIGN (0x8)

/DISCARD/
 libc.a(*)
 libm.a(*)
 libgcc.a(*)

.ARM.attributes
                0x00000000       0x29
 *(.ARM.attributes)
 .ARM.attributes
                0x00000000       0x1d /opt/st/stm32cubeide_1.19.0/plugins/com.st.stm32cube.ide.mcu.externaltools.gnu-tools-for-stm32.13.3.rel1.linux64_1.0.0.202410170706/tools/bin/../lib/gcc/arm-none-eabi/13.3.1/thumb/v7-m/nofp/crti.o
 .ARM.attributes
                0x0000001d       0x2d /opt/st/stm32cubeide_1.19.0/plugins/com.st.stm32cube.ide.mcu.externaltools.gnu-tools-for-stm32.13.3.rel1.linux64_1.0.0.202410170706/tools/bin/../lib/gcc/arm-none-eabi/13.3.1/thumb/v7-m/nofp/crtbegin.o
 .ARM.attributes
                0x0000004a       0x2d ./Core/Src/dma.o
 .ARM.attributes
                0x00000077       0x2d ./Core/Src/gpio.o
 .ARM.attributes
                0x000000a4       0x2d ./Core/Src/main.o
 .ARM.attributes
                0x000000d1       0x2d ./Core/Src/stm32f1xx_hal_msp.o
 .ARM.attributes
                0x000000fe       0x2d ./Core/Src/stm32f1xx_it.o
 .ARM.attributes
                0x0000012b       0x2d ./Core/Src/system_stm32f1xx.o
 .ARM.attributes
                0x00000158       0x2d ./Core/Src/usart.o
 .ARM.attributes
                0x00000185       0x21 ./Core/Startup/startup_stm32f103rctx.o
 .ARM.attributes
                0x000001a6       0x2d ./Drivers/STM32F1xx_HAL_Driver/Src/stm32f1xx_hal.o
 .ARM.attributes
                0x000001d3       0x2d ./Drivers/STM32F1xx_HAL_Driver/Src/stm32f1xx_hal_cortex.o
 .ARM.attributes
                0x00000200       0x2d ./Drivers/STM32F1xx_HAL_Driver/Src/stm32f1xx_hal_dma.o
 .ARM.attributes
                0x0000022d       0x2d ./Drivers/STM32F1xx_HAL_Driver/Src/stm32f1xx_hal_gpio.o
 .ARM.attributes
                0x0000025a       0x2d ./Drivers/STM32F1xx_HAL_Driver/Src/stm32f1xx_hal_rcc.o
 .ARM.attributes
                0x00000287       0x2d ./Drivers/STM32F1xx_HAL_Driver/Src/stm32f1xx_hal_uart.o
 .ARM.attributes
                0x000002b4       0x2d /opt/st/stm32cubeide_1.19.0/plugins/com.st.stm32cube.ide.mcu.externaltools.gnu-tools-for-stm32.13.3.rel1.linux64_1.0.0.202410170706/tools/bin/../lib/gcc/arm-none-eabi/13.3.1/../../../../arm-none-eabi/lib/thumb/v7-m/nofp/libc_nano.a(libc_a-memset.o)
 .ARM.attributes
                0x000002e1       0x2d /opt/st/stm32cubeide_1.19.0/plugins/com.st.stm32cube.ide.mcu.externaltools.gnu-tools-for-stm32.13.3.rel1.linux64_1.0.0.202410170706/tools/bin/../lib/gcc/arm-none-eabi/13.3.1/../../../../arm-none-eabi/lib/thumb/v7-m/nofp/libc_nano.a(libc_a-init.o)
 .ARM.attributes
                0x0000030e       0x1d /opt/st/stm32cubeide_1.19.0/plugins/com.st.stm32cube.ide.mcu.externaltools.gnu-tools-for-stm32.13.3.rel1.linux64_1.0.0.202410170706/tools/bin/../lib/gcc/arm-none-eabi/13.3.1/thumb/v7-m/nofp/crtn.o
OUTPUT(Read_IMU.elf elf32-littlearm)
LOAD linker stubs
LOAD /opt/st/stm32cubeide_1.19.0/plugins/com.st.stm32cube.ide.mcu.externaltools.gnu-tools-for-stm32.13.3.rel1.linux64_1.0.0.202410170706/tools/bin/../lib/gcc/arm-none-eabi/13.3.1/../../../../arm-none-eabi/lib/thumb/v7-m/nofp/libc.a
LOAD /opt/st/stm32cubeide_1.19.0/plugins/com.st.stm32cube.ide.mcu.externaltools.gnu-tools-for-stm32.13.3.rel1.linux64_1.0.0.202410170706/tools/bin/../lib/gcc/arm-none-eabi/13.3.1/../../../../arm-none-eabi/lib/thumb/v7-m/nofp/libm.a
LOAD /opt/st/stm32cubeide_1.19.0/plugins/com.st.stm32cube.ide.mcu.externaltools.gnu-tools-for-stm32.13.3.rel1.linux64_1.0.0.202410170706/tools/bin/../lib/gcc/arm-none-eabi/13.3.1/thumb/v7-m/nofp/libgcc.a

.debug_info     0x00000000     0x725b
 .debug_info    0x00000000      0x335 ./Core/Src/dma.o
 .debug_info    0x00000335      0x2d3 ./Core/Src/gpio.o
 .debug_info    0x00000608      0x297 ./Core/Src/main.o
 .debug_info    0x0000089f      0x1f1 ./Core/Src/stm32f1xx_hal_msp.o
 .debug_info    0x00000a90      0x616 ./Core/Src/stm32f1xx_it.o
 .debug_info    0x000010a6      0x222 ./Core/Src/system_stm32f1xx.o
 .debug_info    0x000012c8      0x9cd ./Core/Src/usart.o
 .debug_info    0x00001c95       0x30 ./Core/Startup/startup_stm32f103rctx.o
 .debug_info    0x00001cc5      0x76a ./Drivers/STM32F1xx_HAL_Driver/Src/stm32f1xx_hal.o
 .debug_info    0x0000242f      0xaed ./Drivers/STM32F1xx_HAL_Driver/Src/stm32f1xx_hal_cortex.o
 .debug_info    0x00002f1c      0x6d2 ./Drivers/STM32F1xx_HAL_Driver/Src/stm32f1xx_hal_dma.o
 .debug_info    0x000035ee      0x5ab ./Drivers/STM32F1xx_HAL_Driver/Src/stm32f1xx_hal_gpio.o
 .debug_info    0x00003b99      0x7d5 ./Drivers/STM32F1xx_HAL_Driver/Src/stm32f1xx_hal_rcc.o
 .debug_info    0x0000436e     0x2eed ./Drivers/STM32F1xx_HAL_Driver/Src/stm32f1xx_hal_uart.o

.debug_abbrev   0x00000000     0x17f5
 .debug_abbrev  0x00000000       0xfc ./Core/Src/dma.o
 .debug_abbrev  0x000000fc      0x13f ./Core/Src/gpio.o
 .debug_abbrev  0x0000023b      0x172 ./Core/Src/main.o
 .debug_abbrev  0x000003ad       0xdb ./Core/Src/stm32f1xx_hal_msp.o
 .debug_abbrev  0x00000488      0x178 ./Core/Src/stm32f1xx_it.o
 .debug_abbrev  0x00000600      0x13f ./Core/Src/system_stm32f1xx.o
 .debug_abbrev  0x0000073f      0x219 ./Core/Src/usart.o
 .debug_abbrev  0x00000958       0x24 ./Core/Startup/startup_stm32f103rctx.o
 .debug_abbrev  0x0000097c      0x201 ./Drivers/STM32F1xx_HAL_Driver/Src/stm32f1xx_hal.o
 .debug_abbrev  0x00000b7d      0x2f8 ./Drivers/STM32F1xx_HAL_Driver/Src/stm32f1xx_hal_cortex.o
 .debug_abbrev  0x00000e75      0x20b ./Drivers/STM32F1xx_HAL_Driver/Src/stm32f1xx_hal_dma.o
 .debug_abbrev  0x00001080      0x1ca ./Drivers/STM32F1xx_HAL_Driver/Src/stm32f1xx_hal_gpio.o
 .debug_abbrev  0x0000124a      0x2b3 ./Drivers/STM32F1xx_HAL_Driver/Src/stm32f1xx_hal_rcc.o
 .debug_abbrev  0x000014fd      0x2f8 ./Drivers/STM32F1xx_HAL_Driver/Src/stm32f1xx_hal_uart.o

.debug_aranges  0x00000000      0x6d0
 .debug_aranges
                0x00000000       0x20 ./Core/Src/dma.o
 .debug_aranges
                0x00000020       0x20 ./Core/Src/gpio.o
 .debug_aranges
                0x00000040       0x30 ./Core/Src/main.o
 .debug_aranges
                0x00000070       0x20 ./Core/Src/stm32f1xx_hal_msp.o
 .debug_aranges
                0x00000090       0x70 ./Core/Src/stm32f1xx_it.o
 .debug_aranges
                0x00000100       0x28 ./Core/Src/system_stm32f1xx.o
 .debug_aranges
                0x00000128       0x30 ./Core/Src/usart.o
 .debug_aranges
                0x00000158       0x28 ./Core/Startup/startup_stm32f103rctx.o
 .debug_aranges
                0x00000180       0xe0 ./Drivers/STM32F1xx_HAL_Driver/Src/stm32f1xx_hal.o
 .debug_aranges
                0x00000260      0x100 ./Drivers/STM32F1xx_HAL_Driver/Src/stm32f1xx_hal_cortex.o
 .debug_aranges
                0x00000360       0x80 ./Drivers/STM32F1xx_HAL_Driver/Src/stm32f1xx_hal_dma.o
 .debug_aranges
                0x000003e0       0x58 ./Drivers/STM32F1xx_HAL_Driver/Src/stm32f1xx_hal_gpio.o
 .debug_aranges
                0x00000438       0x90 ./Drivers/STM32F1xx_HAL_Driver/Src/stm32f1xx_hal_rcc.o
 .debug_aranges
                0x000004c8      0x208 ./Drivers/STM32F1xx_HAL_Driver/Src/stm32f1xx_hal_uart.o

.debug_rnglists
                0x00000000      0x525
 .debug_rnglists
                0x00000000       0x13 ./Core/Src/dma.o
 .debug_rnglists
                0x00000013       0x14 ./Core/Src/gpio.o
 .debug_rnglists
                0x00000027       0x20 ./Core/Src/main.o
 .debug_rnglists
                0x00000047       0x13 ./Core/Src/stm32f1xx_hal_msp.o
 .debug_rnglists
                0x0000005a       0x4f ./Core/Src/stm32f1xx_it.o
 .debug_rnglists
                0x000000a9       0x1a ./Core/Src/system_stm32f1xx.o
 .debug_rnglists
                0x000000c3       0x20 ./Core/Src/usart.o
 .debug_rnglists
                0x000000e3       0x19 ./Core/Startup/startup_stm32f103rctx.o
 .debug_rnglists
                0x000000fc       0xa3 ./Drivers/STM32F1xx_HAL_Driver/Src/stm32f1xx_hal.o
 .debug_rnglists
                0x0000019f       0xbb ./Drivers/STM32F1xx_HAL_Driver/Src/stm32f1xx_hal_cortex.o
 .debug_rnglists
                0x0000025a       0x64 ./Drivers/STM32F1xx_HAL_Driver/Src/stm32f1xx_hal_dma.o
 .debug_rnglists
                0x000002be       0x3f ./Drivers/STM32F1xx_HAL_Driver/Src/stm32f1xx_hal_gpio.o
 .debug_rnglists
                0x000002fd       0x6c ./Drivers/STM32F1xx_HAL_Driver/Src/stm32f1xx_hal_rcc.o
 .debug_rnglists
                0x00000369      0x1bc ./Drivers/STM32F1xx_HAL_Driver/Src/stm32f1xx_hal_uart.o

.debug_macro    0x00000000    0x1848e
 .debug_macro   0x00000000      0x1a7 ./Core/Src/dma.o
 .debug_macro   0x000001a7      0xacc ./Core/Src/dma.o
 .debug_macro   0x00000c73      0x21b ./Core/Src/dma.o
 .debug_macro   0x00000e8e       0x2e ./Core/Src/dma.o
 .debug_macro   0x00000ebc       0x22 ./Core/Src/dma.o
 .debug_macro   0x00000ede       0x22 ./Core/Src/dma.o
 .debug_macro   0x00000f00       0x8e ./Core/Src/dma.o
 .debug_macro   0x00000f8e       0x51 ./Core/Src/dma.o
 .debug_macro   0x00000fdf      0x103 ./Core/Src/dma.o
 .debug_macro   0x000010e2       0x6a ./Core/Src/dma.o
 .debug_macro   0x0000114c      0x1df ./Core/Src/dma.o
 .debug_macro   0x0000132b       0x1c ./Core/Src/dma.o
 .debug_macro   0x00001347       0x22 ./Core/Src/dma.o
 .debug_macro   0x00001369       0xbd ./Core/Src/dma.o
 .debug_macro   0x00001426      0xd23 ./Core/Src/dma.o
 .debug_macro   0x00002149     0xfd8c ./Core/Src/dma.o
 .debug_macro   0x00011ed5       0x6d ./Core/Src/dma.o
 .debug_macro   0x00011f42     0x34a2 ./Core/Src/dma.o
 .debug_macro   0x000153e4      0x190 ./Core/Src/dma.o
 .debug_macro   0x00015574       0x5c ./Core/Src/dma.o
 .debug_macro   0x000155d0      0x5bc ./Core/Src/dma.o
 .debug_macro   0x00015b8c      0x4d5 ./Core/Src/dma.o
 .debug_macro   0x00016061      0x1cb ./Core/Src/dma.o
 .debug_macro   0x0001622c      0x114 ./Core/Src/dma.o
 .debug_macro   0x00016340      0x1ea ./Core/Src/dma.o
 .debug_macro   0x0001652a       0x27 ./Core/Src/dma.o
 .debug_macro   0x00016551      0x144 ./Core/Src/dma.o
 .debug_macro   0x00016695      0x1bc ./Core/Src/dma.o
 .debug_macro   0x00016851       0x30 ./Core/Src/dma.o
 .debug_macro   0x00016881       0x3c ./Core/Src/dma.o
 .debug_macro   0x000168bd       0x57 ./Core/Src/dma.o
 .debug_macro   0x00016914       0x87 ./Core/Src/dma.o
 .debug_macro   0x0001699b      0x24f ./Core/Src/dma.o
 .debug_macro   0x00016bea      0x140 ./Core/Src/dma.o
 .debug_macro   0x00016d2a      0x28e ./Core/Src/dma.o
 .debug_macro   0x00016fb8       0xb5 ./Core/Src/dma.o
 .debug_macro   0x0001706d       0x4c ./Core/Src/dma.o
 .debug_macro   0x000170b9      0x1a7 ./Core/Src/gpio.o
 .debug_macro   0x00017260      0x1bf ./Core/Src/main.o
 .debug_macro   0x0001741f      0x19d ./Core/Src/stm32f1xx_hal_msp.o
 .debug_macro   0x000175bc      0x1a7 ./Core/Src/stm32f1xx_it.o
 .debug_macro   0x00017763      0x18e ./Core/Src/system_stm32f1xx.o
 .debug_macro   0x000178f1      0x1a7 ./Core/Src/usart.o
 .debug_macro   0x00017a98      0x1b2 ./Drivers/STM32F1xx_HAL_Driver/Src/stm32f1xx_hal.o
 .debug_macro   0x00017c4a      0x18e ./Drivers/STM32F1xx_HAL_Driver/Src/stm32f1xx_hal_cortex.o
 .debug_macro   0x00017dd8      0x18e ./Drivers/STM32F1xx_HAL_Driver/Src/stm32f1xx_hal_dma.o
 .debug_macro   0x00017f66      0x1f9 ./Drivers/STM32F1xx_HAL_Driver/Src/stm32f1xx_hal_gpio.o
 .debug_macro   0x0001815f      0x1a0 ./Drivers/STM32F1xx_HAL_Driver/Src/stm32f1xx_hal_rcc.o
 .debug_macro   0x000182ff      0x18f ./Drivers/STM32F1xx_HAL_Driver/Src/stm32f1xx_hal_uart.o

.debug_line     0x00000000     0x8d4f
 .debug_line    0x00000000      0x60c ./Core/Src/dma.o
 .debug_line    0x0000060c      0x646 ./Core/Src/gpio.o
 .debug_line    0x00000c52      0x69f ./Core/Src/main.o
 .debug_line    0x000012f1      0x611 ./Core/Src/stm32f1xx_hal_msp.o
 .debug_line    0x00001902      0x6ef ./Core/Src/stm32f1xx_it.o
 .debug_line    0x00001ff1      0x68f ./Core/Src/system_stm32f1xx.o
 .debug_line    0x00002680      0x6ae ./Core/Src/usart.o
 .debug_line    0x00002d2e       0x79 ./Core/Startup/startup_stm32f103rctx.o
 .debug_line    0x00002da7      0x8c0 ./Drivers/STM32F1xx_HAL_Driver/Src/stm32f1xx_hal.o
 .debug_line    0x00003667      0xa8a ./Drivers/STM32F1xx_HAL_Driver/Src/stm32f1xx_hal_cortex.o
 .debug_line    0x000040f1     0x11c4 ./Drivers/STM32F1xx_HAL_Driver/Src/stm32f1xx_hal_dma.o
 .debug_line    0x000052b5      0x945 ./Drivers/STM32F1xx_HAL_Driver/Src/stm32f1xx_hal_gpio.o
 .debug_line    0x00005bfa      0xd79 ./Drivers/STM32F1xx_HAL_Driver/Src/stm32f1xx_hal_rcc.o
 .debug_line    0x00006973     0x23dc ./Drivers/STM32F1xx_HAL_Driver/Src/stm32f1xx_hal_uart.o

.debug_str      0x00000000    0x8c9eb
 .debug_str     0x00000000    0x8c9eb ./Core/Src/dma.o
                              0x8b22a (size before relaxing)
 .debug_str     0x0008c9eb    0x8aee8 ./Core/Src/gpio.o
 .debug_str     0x0008c9eb    0x8afdf ./Core/Src/main.o
 .debug_str     0x0008c9eb    0x8ae70 ./Core/Src/stm32f1xx_hal_msp.o
 .debug_str     0x0008c9eb    0x8b2fb ./Core/Src/stm32f1xx_it.o
 .debug_str     0x0008c9eb    0x8ad91 ./Core/Src/system_stm32f1xx.o
 .debug_str     0x0008c9eb    0x8b75a ./Core/Src/usart.o
 .debug_str     0x0008c9eb       0x7d ./Core/Startup/startup_stm32f103rctx.o
 .debug_str     0x0008c9eb    0x8b5a8 ./Drivers/STM32F1xx_HAL_Driver/Src/stm32f1xx_hal.o
 .debug_str     0x0008c9eb    0x8b4f4 ./Drivers/STM32F1xx_HAL_Driver/Src/stm32f1xx_hal_cortex.o
 .debug_str     0x0008c9eb    0x8b13a ./Drivers/STM32F1xx_HAL_Driver/Src/stm32f1xx_hal_dma.o
 .debug_str     0x0008c9eb    0x8b117 ./Drivers/STM32F1xx_HAL_Driver/Src/stm32f1xx_hal_gpio.o
 .debug_str     0x0008c9eb    0x8b1c0 ./Drivers/STM32F1xx_HAL_Driver/Src/stm32f1xx_hal_rcc.o
 .debug_str     0x0008c9eb    0x8b831 ./Drivers/STM32F1xx_HAL_Driver/Src/stm32f1xx_hal_uart.o

.comment        0x00000000       0x43
 .comment       0x00000000       0x43 ./Core/Src/dma.o
                                 0x44 (size before relaxing)
 .comment       0x00000043       0x44 ./Core/Src/gpio.o
 .comment       0x00000043       0x44 ./Core/Src/main.o
 .comment       0x00000043       0x44 ./Core/Src/stm32f1xx_hal_msp.o
 .comment       0x00000043       0x44 ./Core/Src/stm32f1xx_it.o
 .comment       0x00000043       0x44 ./Core/Src/system_stm32f1xx.o
 .comment       0x00000043       0x44 ./Core/Src/usart.o
 .comment       0x00000043       0x44 ./Drivers/STM32F1xx_HAL_Driver/Src/stm32f1xx_hal.o
 .comment       0x00000043       0x44 ./Drivers/STM32F1xx_HAL_Driver/Src/stm32f1xx_hal_cortex.o
 .comment       0x00000043       0x44 ./Drivers/STM32F1xx_HAL_Driver/Src/stm32f1xx_hal_dma.o
 .comment       0x00000043       0x44 ./Drivers/STM32F1xx_HAL_Driver/Src/stm32f1xx_hal_gpio.o
 .comment       0x00000043       0x44 ./Drivers/STM32F1xx_HAL_Driver/Src/stm32f1xx_hal_rcc.o
 .comment       0x00000043       0x44 ./Drivers/STM32F1xx_HAL_Driver/Src/stm32f1xx_hal_uart.o

.debug_frame    0x00000000     0x196c
 .debug_frame   0x00000000       0x34 ./Core/Src/dma.o
 .debug_frame   0x00000034       0x34 ./Core/Src/gpio.o
 .debug_frame   0x00000068       0x68 ./Core/Src/main.o
 .debug_frame   0x000000d0       0x38 ./Core/Src/stm32f1xx_hal_msp.o
 .debug_frame   0x00000108      0x13c ./Core/Src/stm32f1xx_it.o
 .debug_frame   0x00000244       0x58 ./Core/Src/system_stm32f1xx.o
 .debug_frame   0x0000029c       0x74 ./Core/Src/usart.o
 .debug_frame   0x00000310      0x334 ./Drivers/STM32F1xx_HAL_Driver/Src/stm32f1xx_hal.o
 .debug_frame   0x00000644      0x428 ./Drivers/STM32F1xx_HAL_Driver/Src/stm32f1xx_hal_cortex.o
 .debug_frame   0x00000a6c      0x20c ./Drivers/STM32F1xx_HAL_Driver/Src/stm32f1xx_hal_dma.o
 .debug_frame   0x00000c78      0x14c ./Drivers/STM32F1xx_HAL_Driver/Src/stm32f1xx_hal_gpio.o
 .debug_frame   0x00000dc4      0x218 ./Drivers/STM32F1xx_HAL_Driver/Src/stm32f1xx_hal_rcc.o
 .debug_frame   0x00000fdc      0x944 ./Drivers/STM32F1xx_HAL_Driver/Src/stm32f1xx_hal_uart.o
 .debug_frame   0x00001920       0x20 /opt/st/stm32cubeide_1.19.0/plugins/com.st.stm32cube.ide.mcu.externaltools.gnu-tools-for-stm32.13.3.rel1.linux64_1.0.0.202410170706/tools/bin/../lib/gcc/arm-none-eabi/13.3.1/../../../../arm-none-eabi/lib/thumb/v7-m/nofp/libc_nano.a(libc_a-memset.o)
 .debug_frame   0x00001940       0x2c /opt/st/stm32cubeide_1.19.0/plugins/com.st.stm32cube.ide.mcu.externaltools.gnu-tools-for-stm32.13.3.rel1.linux64_1.0.0.202410170706/tools/bin/../lib/gcc/arm-none-eabi/13.3.1/../../../../arm-none-eabi/lib/thumb/v7-m/nofp/libc_nano.a(libc_a-init.o)

.debug_line_str
                0x00000000       0x61
 .debug_line_str
                0x00000000       0x61 ./Core/Startup/startup_stm32f103rctx.o
