Archive member included to satisfy reference by file (symbol)

/opt/st/stm32cubeide_1.19.0/plugins/com.st.stm32cube.ide.mcu.externaltools.gnu-tools-for-stm32.13.3.rel1.linux64_1.0.0.202410170706/tools/bin/../lib/gcc/arm-none-eabi/13.3.1/../../../../arm-none-eabi/lib/thumb/v7-m/nofp/libc_nano.a(libc_a-exit.o)
                              /opt/st/stm32cubeide_1.19.0/plugins/com.st.stm32cube.ide.mcu.externaltools.gnu-tools-for-stm32.13.3.rel1.linux64_1.0.0.202410170706/tools/bin/../lib/gcc/arm-none-eabi/13.3.1/../../../../arm-none-eabi/lib/thumb/v7-m/nofp/crt0.o (exit)
/opt/st/stm32cubeide_1.19.0/plugins/com.st.stm32cube.ide.mcu.externaltools.gnu-tools-for-stm32.13.3.rel1.linux64_1.0.0.202410170706/tools/bin/../lib/gcc/arm-none-eabi/13.3.1/../../../../arm-none-eabi/lib/thumb/v7-m/nofp/libc_nano.a(libc_a-findfp.o)
                              /opt/st/stm32cubeide_1.19.0/plugins/com.st.stm32cube.ide.mcu.externaltools.gnu-tools-for-stm32.13.3.rel1.linux64_1.0.0.202410170706/tools/bin/../lib/gcc/arm-none-eabi/13.3.1/../../../../arm-none-eabi/lib/thumb/v7-m/nofp/libc_nano.a(libc_a-exit.o) (__stdio_exit_handler)
/opt/st/stm32cubeide_1.19.0/plugins/com.st.stm32cube.ide.mcu.externaltools.gnu-tools-for-stm32.13.3.rel1.linux64_1.0.0.202410170706/tools/bin/../lib/gcc/arm-none-eabi/13.3.1/../../../../arm-none-eabi/lib/thumb/v7-m/nofp/libc_nano.a(libc_a-fwalk.o)
                              /opt/st/stm32cubeide_1.19.0/plugins/com.st.stm32cube.ide.mcu.externaltools.gnu-tools-for-stm32.13.3.rel1.linux64_1.0.0.202410170706/tools/bin/../lib/gcc/arm-none-eabi/13.3.1/../../../../arm-none-eabi/lib/thumb/v7-m/nofp/libc_nano.a(libc_a-findfp.o) (_fwalk_sglue)
/opt/st/stm32cubeide_1.19.0/plugins/com.st.stm32cube.ide.mcu.externaltools.gnu-tools-for-stm32.13.3.rel1.linux64_1.0.0.202410170706/tools/bin/../lib/gcc/arm-none-eabi/13.3.1/../../../../arm-none-eabi/lib/thumb/v7-m/nofp/libc_nano.a(libc_a-printf.o)
                              ./BSP/bsp.o (printf)
/opt/st/stm32cubeide_1.19.0/plugins/com.st.stm32cube.ide.mcu.externaltools.gnu-tools-for-stm32.13.3.rel1.linux64_1.0.0.202410170706/tools/bin/../lib/gcc/arm-none-eabi/13.3.1/../../../../arm-none-eabi/lib/thumb/v7-m/nofp/libc_nano.a(libc_a-puts.o)
                              ./BSP/bsp.o (puts)
/opt/st/stm32cubeide_1.19.0/plugins/com.st.stm32cube.ide.mcu.externaltools.gnu-tools-for-stm32.13.3.rel1.linux64_1.0.0.202410170706/tools/bin/../lib/gcc/arm-none-eabi/13.3.1/../../../../arm-none-eabi/lib/thumb/v7-m/nofp/libc_nano.a(libc_a-stdio.o)
                              /opt/st/stm32cubeide_1.19.0/plugins/com.st.stm32cube.ide.mcu.externaltools.gnu-tools-for-stm32.13.3.rel1.linux64_1.0.0.202410170706/tools/bin/../lib/gcc/arm-none-eabi/13.3.1/../../../../arm-none-eabi/lib/thumb/v7-m/nofp/libc_nano.a(libc_a-findfp.o) (__sread)
/opt/st/stm32cubeide_1.19.0/plugins/com.st.stm32cube.ide.mcu.externaltools.gnu-tools-for-stm32.13.3.rel1.linux64_1.0.0.202410170706/tools/bin/../lib/gcc/arm-none-eabi/13.3.1/../../../../arm-none-eabi/lib/thumb/v7-m/nofp/libc_nano.a(libc_a-wbuf.o)
                              /opt/st/stm32cubeide_1.19.0/plugins/com.st.stm32cube.ide.mcu.externaltools.gnu-tools-for-stm32.13.3.rel1.linux64_1.0.0.202410170706/tools/bin/../lib/gcc/arm-none-eabi/13.3.1/../../../../arm-none-eabi/lib/thumb/v7-m/nofp/libc_nano.a(libc_a-puts.o) (__swbuf_r)
/opt/st/stm32cubeide_1.19.0/plugins/com.st.stm32cube.ide.mcu.externaltools.gnu-tools-for-stm32.13.3.rel1.linux64_1.0.0.202410170706/tools/bin/../lib/gcc/arm-none-eabi/13.3.1/../../../../arm-none-eabi/lib/thumb/v7-m/nofp/libc_nano.a(libc_a-wsetup.o)
                              /opt/st/stm32cubeide_1.19.0/plugins/com.st.stm32cube.ide.mcu.externaltools.gnu-tools-for-stm32.13.3.rel1.linux64_1.0.0.202410170706/tools/bin/../lib/gcc/arm-none-eabi/13.3.1/../../../../arm-none-eabi/lib/thumb/v7-m/nofp/libc_nano.a(libc_a-puts.o) (__swsetup_r)
/opt/st/stm32cubeide_1.19.0/plugins/com.st.stm32cube.ide.mcu.externaltools.gnu-tools-for-stm32.13.3.rel1.linux64_1.0.0.202410170706/tools/bin/../lib/gcc/arm-none-eabi/13.3.1/../../../../arm-none-eabi/lib/thumb/v7-m/nofp/libc_nano.a(libc_a-memset.o)
                              /opt/st/stm32cubeide_1.19.0/plugins/com.st.stm32cube.ide.mcu.externaltools.gnu-tools-for-stm32.13.3.rel1.linux64_1.0.0.202410170706/tools/bin/../lib/gcc/arm-none-eabi/13.3.1/../../../../arm-none-eabi/lib/thumb/v7-m/nofp/crt0.o (memset)
/opt/st/stm32cubeide_1.19.0/plugins/com.st.stm32cube.ide.mcu.externaltools.gnu-tools-for-stm32.13.3.rel1.linux64_1.0.0.202410170706/tools/bin/../lib/gcc/arm-none-eabi/13.3.1/../../../../arm-none-eabi/lib/thumb/v7-m/nofp/libc_nano.a(libc_a-closer.o)
                              /opt/st/stm32cubeide_1.19.0/plugins/com.st.stm32cube.ide.mcu.externaltools.gnu-tools-for-stm32.13.3.rel1.linux64_1.0.0.202410170706/tools/bin/../lib/gcc/arm-none-eabi/13.3.1/../../../../arm-none-eabi/lib/thumb/v7-m/nofp/libc_nano.a(libc_a-stdio.o) (_close_r)
[...]
Memory Configuration

Name             Origin             Length             Attributes
RAM              0x20000000         0x0000c000         xrw
FLASH            0x08000000         0x00040000         xr
*default*        0x00000000         0xffffffff

Linker script and memory map

LOAD /opt/st/stm32cubeide_1.19.0/plugins/com.st.stm32cube.ide.mcu.externaltools.gnu-tools-for-stm32.13.3.rel1.linux64_1.0.0.202410170706/tools/bin/../lib/gcc/arm-none-eabi/13.3.1/thumb/v7-m/nofp/crti.o
LOAD /opt/st/stm32cubeide_1.19.0/plugins/com.st.stm32cube.ide.mcu.externaltools.gnu-tools-for-stm32.13.3.rel1.linux64_1.0.0.202410170706/tools/bin/../lib/gcc/arm-none-eabi/13.3.1/thumb/v7-m/nofp/crtbegin.o
LOAD /opt/st/stm32cubeide_1.19.0/plugins/com.st.stm32cube.ide.mcu.externaltools.gnu-tools-for-stm32.13.3.rel1.linux64_1.0.0.202410170706/tools/bin/../lib/gcc/arm-none-eabi/13.3.1/../../../../arm-none-eabi/lib/thumb/v7-m/nofp/crt0.o
LOAD ./BSP/bsp.o
LOAD ./BSP/bsp_beep.o
LOAD ./BSP/bsp_key.o
LOAD ./BSP/bsp_mpu9250.o
LOAD ./BSP/bsp_mpuiic.o
LOAD ./BSP/bsp_uart.o
LOAD ./Core/Src/dma.o
LOAD ./Core/Src/gpio.o
LOAD ./Core/Src/main.o
LOAD ./Core/Src/stm32f1xx_hal_msp.o
LOAD ./Core/Src/stm32f1xx_it.o
LOAD ./Core/Src/syscalls.o
LOAD ./Core/Src/sysmem.o
LOAD ./Core/Src/system_stm32f1xx.o
LOAD ./Core/Src/usart.o
LOAD ./Core/Startup/startup_stm32f103rctx.o
LOAD ./Drivers/STM32F1xx_HAL_Driver/Src/stm32f1xx_hal.o
LOAD ./Drivers/STM32F1xx_HAL_Driver/Src/stm32f1xx_hal_cortex.o
LOAD ./Drivers/STM32F1xx_HAL_Driver/Src/stm32f1xx_hal_dma.o
LOAD ./Drivers/STM32F1xx_HAL_Driver/Src/stm32f1xx_hal_exti.o
LOAD ./Drivers/STM32F1xx_HAL_Driver/Src/stm32f1xx_hal_flash.o
LOAD ./Drivers/STM32F1xx_HAL_Driver/Src/stm32f1xx_hal_flash_ex.o
LOAD ./Drivers/STM32F1xx_HAL_Driver/Src/stm32f1xx_hal_gpio.o
LOAD ./Drivers/STM32F1xx_HAL_Driver/Src/stm32f1xx_hal_gpio_ex.o
LOAD ./Drivers/STM32F1xx_HAL_Driver/Src/stm32f1xx_hal_pwr.o
LOAD ./Drivers/STM32F1xx_HAL_Driver/Src/stm32f1xx_hal_rcc.o
LOAD ./Drivers/STM32F1xx_HAL_Driver/Src/stm32f1xx_hal_rcc_ex.o
LOAD ./Drivers/STM32F1xx_HAL_Driver/Src/stm32f1xx_hal_uart.o
START GROUP
LOAD /opt/st/stm32cubeide_1.19.0/plugins/com.st.stm32cube.ide.mcu.externaltools.gnu-tools-for-stm32.13.3.rel1.linux64_1.0.0.202410170706/tools/bin/../lib/gcc/arm-none-eabi/13.3.1/../../../../arm-none-eabi/lib/thumb/v7-m/nofp/libc_nano.a
LOAD /opt/st/stm32cubeide_1.19.0/plugins/com.st.stm32cube.ide.mcu.externaltools.gnu-tools-for-stm32.13.3.rel1.linux64_1.0.0.202410170706/tools/bin/../lib/gcc/arm-none-eabi/13.3.1/../../../../arm-none-eabi/lib/thumb/v7-m/nofp/libm.a
END GROUP
START GROUP
LOAD /opt/st/stm32cubeide_1.19.0/plugins/com.st.stm32cube.ide.mcu.externaltools.gnu-tools-for-stm32.13.3.rel1.linux64_1.0.0.202410170706/tools/bin/../lib/gcc/arm-none-eabi/13.3.1/thumb/v7-m/nofp/libgcc.a
LOAD /opt/st/stm32cubeide_1.19.0/plugins/com.st.stm32cube.ide.mcu.externaltools.gnu-tools-for-stm32.13.3.rel1.linux64_1.0.0.202410170706/tools/bin/../lib/gcc/arm-none-eabi/13.3.1/../../../../arm-none-eabi/lib/thumb/v7-m/nofp/libc_nano.a
END GROUP
START GROUP
LOAD /opt/st/stm32cubeide_1.19.0/plugins/com.st.stm32cube.ide.mcu.externaltools.gnu-tools-for-stm32.13.3.rel1.linux64_1.0.0.202410170706/tools/bin/../lib/gcc/arm-none-eabi/13.3.1/thumb/v7-m/nofp/libgcc.a
LOAD /opt/st/stm32cubeide_1.19.0/plugins/com.st.stm32cube.ide.mcu.externaltools.gnu-tools-for-stm32.13.3.rel1.linux64_1.0.0.202410170706/tools/bin/../lib/gcc/arm-none-eabi/13.3.1/../../../../arm-none-eabi/lib/thumb/v7-m/nofp/libc_nano.a
LOAD /opt/st/stm32cubeide_1.19.0/plugins/com.st.stm32cube.ide.mcu.externaltools.gnu-tools-for-stm32.13.3.rel1.linux64_1.0.0.202410170706/tools/bin/../lib/gcc/arm-none-eabi/13.3.1/../../../../arm-none-eabi/lib/thumb/v7-m/nofp/libnosys.a
END GROUP
START GROUP
LOAD /opt/st/stm32cubeide_1.19.0/plugins/com.st.stm32cube.ide.mcu.externaltools.gnu-tools-for-stm32.13.3.rel1.linux64_1.0.0.202410170706/tools/bin/../lib/gcc/arm-none-eabi/13.3.1/thumb/v7-m/nofp/libgcc.a
LOAD /opt/st/stm32cubeide_1.19.0/plugins/com.st.stm32cube.ide.mcu.externaltools.gnu-tools-for-stm32.13.3.rel1.linux64_1.0.0.202410170706/tools/bin/../lib/gcc/arm-none-eabi/13.3.1/../../../../arm-none-eabi/lib/thumb/v7-m/nofp/libc_nano.a
LOAD /opt/st/stm32cubeide_1.19.0/plugins/com.st.stm32cube.ide.mcu.externaltools.gnu-tools-for-stm32.13.3.rel1.linux64_1.0.0.202410170706/tools/bin/../lib/gcc/arm-none-eabi/13.3.1/../../../../arm-none-eabi/lib/thumb/v7-m/nofp/libnosys.a
END GROUP
LOAD /opt/st/stm32cubeide_1.19.0/plugins/com.st.stm32cube.ide.mcu.externaltools.gnu-tools-for-stm32.13.3.rel1.linux64_1.0.0.202410170706/tools/bin/../lib/gcc/arm-none-eabi/13.3.1/thumb/v7-m/nofp/crtend.o
LOAD /opt/st/stm32cubeide_1.19.0/plugins/com.st.stm32cube.ide.mcu.externaltools.gnu-tools-for-stm32.13.3.rel1.linux64_1.0.0.202410170706/tools/bin/../lib/gcc/arm-none-eabi/13.3.1/thumb/v7-m/nofp/crtn.o
                0x2000c000                        _estack = (ORIGIN (RAM) + LENGTH (RAM))
                0x00000200                        _Min_Heap_Size = 0x200
                0x00000400                        _Min_Stack_Size = 0x400

.isr_vector     0x08000000      0x1e4
                0x08000000                        . = ALIGN (0x4)
 *(.isr_vector)
 .isr_vector    0x08000000      0x1e4 ./Core/Startup/startup_stm32f103rctx.o
                0x08000000                g_pfnVectors
                0x080001e4                        . = ALIGN (0x4)

.text           0x080001e4     0x4530
                0x080001e4                        . = ALIGN (0x4)
 *(.text)
 .text          0x080001e4       0x40 /opt/st/stm32cubeide_1.19.0/plugins/com.st.stm32cube.ide.mcu.externaltools.gnu-tools-for-stm32.13.3.rel1.linux64_1.0.0.202410170706/tools/bin/../lib/gcc/arm-none-eabi/13.3.1/thumb/v7-m/nofp/crtbegin.o
 *(.text*)
 .text.Bsp_Led_Show_State_Handle
                0x08000224       0x34 ./BSP/bsp.o
                0x08000224                Bsp_Led_Show_State_Handle
 .text.Bsp_Init
                0x08000258       0x38 ./BSP/bsp.o
                0x08000258                Bsp_Init
 .text.Bsp_Loop
                0x08000290       0x4c ./BSP/bsp.o
                0x08000290                Bsp_Loop
 .text.Beep_Set_Time
                0x080002dc       0x20 ./BSP/bsp_beep.o
 .text.Beep_Get_Time
                0x080002fc       0x14 ./BSP/bsp_beep.o
 .text.Beep_Set_State
                0x08000310       0x20 ./BSP/bsp_beep.o
 .text.Beep_Get_State
                0x08000330       0x14 ./BSP/bsp_beep.o
 .text.Beep_On_Time
                0x08000344       0x80 ./BSP/bsp_beep.o
                0x08000344                Beep_On_Time
 .text.Beep_Timeout_Close_Handle
                0x080003c4       0x44 ./BSP/bsp_beep.o
                0x080003c4                Beep_Timeout_Close_Handle
 .text.Key1_is_Press
                0x08000408       0x20 ./BSP/bsp_key.o
 .text.Key1_State
                0x08000428       0x54 ./BSP/bsp_key.o
                0x08000428                Key1_State
 .text.MPU_ADDR_CTRL
                0x0800047c       0x18 ./BSP/bsp_mpu9250.o
                0x0800047c                MPU_ADDR_CTRL
 .text.MPU9250_Init
                0x08000494       0xec ./BSP/bsp_mpu9250.o
                0x08000494                MPU9250_Init
 .text.MPU_Set_Gyro_Fsr
                0x08000580       0x24 ./BSP/bsp_mpu9250.o
                0x08000580                MPU_Set_Gyro_Fsr
 .text.MPU_Set_Accel_Fsr
                0x080005a4       0x24 ./BSP/bsp_mpu9250.o
                0x080005a4                MPU_Set_Accel_Fsr
 .text.MPU_Set_LPF
                0x080005c8       0x64 ./BSP/bsp_mpu9250.o
                0x080005c8                MPU_Set_LPF
 .text.MPU_Set_Rate
                0x0800062c       0x58 ./BSP/bsp_mpu9250.o
                0x0800062c                MPU_Set_Rate
 .text.MPU_Get_Gyroscope
                0x08000684       0x6a ./BSP/bsp_mpu9250.o
                0x08000684                MPU_Get_Gyroscope
 .text.MPU_Get_Accelerometer
                0x080006ee       0x6a ./BSP/bsp_mpu9250.o
                0x080006ee                MPU_Get_Accelerometer
 .text.MPU_Get_Magnetometer
                0x08000758       0x74 ./BSP/bsp_mpu9250.o
                0x08000758                MPU_Get_Magnetometer
 .text.MPU_Delay_ms
                0x080007cc       0x1a ./BSP/bsp_mpu9250.o
                0x080007cc                MPU_Delay_ms
 .text.MPU_Read_Len
                0x080007e6       0xa6 ./BSP/bsp_mpu9250.o
                0x080007e6                MPU_Read_Len
 .text.MPU_Write_Byte
                0x0800088c       0x68 ./BSP/bsp_mpu9250.o
                0x0800088c                MPU_Write_Byte
 .text.MPU_Read_Byte
                0x080008f4       0x66 ./BSP/bsp_mpu9250.o
                0x080008f4                MPU_Read_Byte
 *fill*         0x0800095a        0x2 
 .text.MPU9250_Read_Data_Handle
                0x0800095c       0xc8 ./BSP/bsp_mpu9250.o
                0x0800095c                MPU9250_Read_Data_Handle
 .text.Delay_For_Pin
                0x08000a24       0x3a ./BSP/bsp_mpuiic.o
 .text.MPU_IIC_Init
                0x08000a5e        0xe ./BSP/bsp_mpuiic.o
                0x08000a5e                MPU_IIC_Init
 .text.MPU_IIC_Start
                0x08000a6c       0x60 ./BSP/bsp_mpuiic.o
                0x08000a6c                MPU_IIC_Start
 .text.MPU_IIC_Stop
                0x08000acc       0x60 ./BSP/bsp_mpuiic.o
                0x08000acc                MPU_IIC_Stop
 .text.MPU_IIC_Wait_Ack
                0x08000b2c       0x88 ./BSP/bsp_mpuiic.o
                0x08000b2c                MPU_IIC_Wait_Ack
 .text.MPU_IIC_Ack
                0x08000bb4       0x60 ./BSP/bsp_mpuiic.o
                0x08000bb4                MPU_IIC_Ack
 .text.MPU_IIC_NAck
                0x08000c14       0x60 ./BSP/bsp_mpuiic.o
                0x08000c14                MPU_IIC_NAck
 .text.MPU_IIC_Send_Byte
                0x08000c74       0x90 ./BSP/bsp_mpuiic.o
                0x08000c74                MPU_IIC_Send_Byte
 .text.MPU_IIC_Read_Byte
                0x08000d04       0x98 ./BSP/bsp_mpuiic.o
                0x08000d04                MPU_IIC_Read_Byte
 .text.USART1_Init
                0x08000d9c       0x1c ./BSP/bsp_uart.o
                0x08000d9c                USART1_Init
 .text.USART1_Send_U8
                0x08000db8       0x24 ./BSP/bsp_uart.o
                0x08000db8                USART1_Send_U8
 .text.HAL_UART_RxCpltCallback
                0x08000ddc       0x2c ./BSP/bsp_uart.o
                0x08000ddc                HAL_UART_RxCpltCallback
 .text.__io_putchar
                0x08000e08       0x24 ./BSP/bsp_uart.o
                0x08000e08                __io_putchar
 .text.MX_DMA_Init
                0x08000e2c       0x3c ./Core/Src/dma.o
                0x08000e2c                MX_DMA_Init
 .text.MX_GPIO_Init
                0x08000e68      0x124 ./Core/Src/gpio.o
                0x08000e68                MX_GPIO_Init
 .text.main     0x08000f8c       0x22 ./Core/Src/main.o
                0x08000f8c                main
 .text.SystemClock_Config
                0x08000fae       0x8a ./Core/Src/main.o
                0x08000fae                SystemClock_Config
 .text.Error_Handler
                0x08001038        0xc ./Core/Src/main.o
                0x08001038                Error_Handler
 .text.HAL_MspInit
                0x08001044       0x64 ./Core/Src/stm32f1xx_hal_msp.o
                0x08001044                HAL_MspInit
 .text.NMI_Handler
                0x080010a8        0x8 ./Core/Src/stm32f1xx_it.o
                0x080010a8                NMI_Handler
 .text.HardFault_Handler
                0x080010b0        0x8 ./Core/Src/stm32f1xx_it.o
                0x080010b0                HardFault_Handler
 .text.MemManage_Handler
                0x080010b8        0x8 ./Core/Src/stm32f1xx_it.o
                0x080010b8                MemManage_Handler
 .text.BusFault_Handler
                0x080010c0        0x8 ./Core/Src/stm32f1xx_it.o
                0x080010c0                BusFault_Handler
 .text.UsageFault_Handler
                0x080010c8        0x8 ./Core/Src/stm32f1xx_it.o
                0x080010c8                UsageFault_Handler
 .text.SVC_Handler
                0x080010d0        0xc ./Core/Src/stm32f1xx_it.o
                0x080010d0                SVC_Handler
 .text.DebugMon_Handler
                0x080010dc        0xc ./Core/Src/stm32f1xx_it.o
                0x080010dc                DebugMon_Handler
 .text.PendSV_Handler
                0x080010e8        0xc ./Core/Src/stm32f1xx_it.o
                0x080010e8                PendSV_Handler
 .text.SysTick_Handler
                0x080010f4        0xc ./Core/Src/stm32f1xx_it.o
                0x080010f4                SysTick_Handler
 .text.DMA1_Channel4_IRQHandler
                0x08001100       0x14 ./Core/Src/stm32f1xx_it.o
                0x08001100                DMA1_Channel4_IRQHandler
 .text.USART1_IRQHandler
                0x08001114       0x14 ./Core/Src/stm32f1xx_it.o
                0x08001114                USART1_IRQHandler
 .text._read    0x08001128       0x3a ./Core/Src/syscalls.o
                0x08001128                _read
 .text._write   0x08001162       0x38 ./Core/Src/syscalls.o
                0x08001162                _write
 .text._close   0x0800119a       0x16 ./Core/Src/syscalls.o
                0x0800119a                _close
 .text._fstat   0x080011b0       0x1e ./Core/Src/syscalls.o
                0x080011b0                _fstat
 .text._isatty  0x080011ce       0x14 ./Core/Src/syscalls.o
                0x080011ce                _isatty
 .text._lseek   0x080011e2       0x18 ./Core/Src/syscalls.o
                0x080011e2                _lseek
 *fill*         0x080011fa        0x2 
 .text._sbrk    0x080011fc       0x6c ./Core/Src/sysmem.o
                0x080011fc                _sbrk
 .text.SystemInit
                0x08001268        0xc ./Core/Src/system_stm32f1xx.o
                0x08001268                SystemInit
 .text.MX_USART1_UART_Init
                0x08001274       0x54 ./Core/Src/usart.o
                0x08001274                MX_USART1_UART_Init
 .text.HAL_UART_MspInit
                0x080012c8       0xfc ./Core/Src/usart.o
                0x080012c8                HAL_UART_MspInit
 .text.Reset_Handler
                0x080013c4       0x48 ./Core/Startup/startup_stm32f103rctx.o
                0x080013c4                Reset_Handler
 .text.Default_Handler
                0x0800140c        0x2 ./Core/Startup/startup_stm32f103rctx.o
                0x0800140c                RTC_Alarm_IRQHandler
                0x0800140c                EXTI2_IRQHandler
                0x0800140c                TIM8_TRG_COM_IRQHandler
                0x0800140c                TIM8_CC_IRQHandler
                0x0800140c                TIM1_CC_IRQHandler
                0x0800140c                TIM6_IRQHandler
                0x0800140c                PVD_IRQHandler
                0x0800140c                SDIO_IRQHandler
                0x0800140c                EXTI3_IRQHandler
                0x0800140c                EXTI0_IRQHandler
                0x0800140c                I2C2_EV_IRQHandler
                0x0800140c                ADC1_2_IRQHandler
                0x0800140c                SPI1_IRQHandler
                0x0800140c                TAMPER_IRQHandler
                0x0800140c                TIM8_UP_IRQHandler
                0x0800140c                DMA2_Channel2_IRQHandler
                0x0800140c                USART3_IRQHandler
                0x0800140c                RTC_IRQHandler
                0x0800140c                DMA1_Channel7_IRQHandler
                0x0800140c                CAN1_RX1_IRQHandler
                0x0800140c                UART5_IRQHandler
                0x0800140c                ADC3_IRQHandler
                0x0800140c                TIM4_IRQHandler
                0x0800140c                DMA2_Channel1_IRQHandler
                0x0800140c                I2C1_EV_IRQHandler
                0x0800140c                DMA1_Channel6_IRQHandler
                0x0800140c                UART4_IRQHandler
                0x0800140c                TIM3_IRQHandler
                0x0800140c                RCC_IRQHandler
                0x0800140c                TIM1_TRG_COM_IRQHandler
                0x0800140c                DMA1_Channel1_IRQHandler
                0x0800140c                Default_Handler
                0x0800140c                EXTI15_10_IRQHandler
                0x0800140c                TIM7_IRQHandler
                0x0800140c                TIM5_IRQHandler
                0x0800140c                EXTI9_5_IRQHandler
                0x0800140c                SPI2_IRQHandler
                0x0800140c                DMA1_Channel5_IRQHandler
                0x0800140c                EXTI4_IRQHandler
                0x0800140c                USB_LP_CAN1_RX0_IRQHandler
                0x0800140c                USB_HP_CAN1_TX_IRQHandler
                0x0800140c                DMA1_Channel3_IRQHandler
                0x0800140c                FSMC_IRQHandler
                0x0800140c                TIM1_UP_IRQHandler
                0x0800140c                WWDG_IRQHandler
                0x0800140c                TIM2_IRQHandler
                0x0800140c                TIM1_BRK_IRQHandler
                0x0800140c                EXTI1_IRQHandler
                0x0800140c                DMA2_Channel4_5_IRQHandler
                0x0800140c                USART2_IRQHandler
                0x0800140c                I2C2_ER_IRQHandler
                0x0800140c                DMA1_Channel2_IRQHandler
                0x0800140c                TIM8_BRK_IRQHandler
                0x0800140c                CAN1_SCE_IRQHandler
                0x0800140c                FLASH_IRQHandler
                0x0800140c                SPI3_IRQHandler
                0x0800140c                I2C1_ER_IRQHandler
                0x0800140c                USBWakeUp_IRQHandler
                0x0800140c                DMA2_Channel3_IRQHandler
 *fill*         0x0800140e        0x2 
 .text.HAL_Init
                0x08001410       0x2c ./Drivers/STM32F1xx_HAL_Driver/Src/stm32f1xx_hal.o
                0x08001410                HAL_Init
 .text.HAL_InitTick
                0x0800143c       0x60 ./Drivers/STM32F1xx_HAL_Driver/Src/stm32f1xx_hal.o
                0x0800143c                HAL_InitTick
 .text.HAL_IncTick
                0x0800149c       0x24 ./Drivers/STM32F1xx_HAL_Driver/Src/stm32f1xx_hal.o
                0x0800149c                HAL_IncTick
 .text.HAL_GetTick
                0x080014c0       0x14 ./Drivers/STM32F1xx_HAL_Driver/Src/stm32f1xx_hal.o
                0x080014c0                HAL_GetTick
 .text.HAL_Delay
                0x080014d4       0x48 ./Drivers/STM32F1xx_HAL_Driver/Src/stm32f1xx_hal.o
                0x080014d4                HAL_Delay
 .text.__NVIC_SetPriorityGrouping
                0x0800151c       0x48 ./Drivers/STM32F1xx_HAL_Driver/Src/stm32f1xx_hal_cortex.o
 .text.__NVIC_GetPriorityGrouping
                0x08001564       0x1c ./Drivers/STM32F1xx_HAL_Driver/Src/stm32f1xx_hal_cortex.o
 .text.__NVIC_EnableIRQ
                0x08001580       0x38 ./Drivers/STM32F1xx_HAL_Driver/Src/stm32f1xx_hal_cortex.o
 .text.__NVIC_SetPriority
                0x080015b8       0x54 ./Drivers/STM32F1xx_HAL_Driver/Src/stm32f1xx_hal_cortex.o
 .text.NVIC_EncodePriority
                0x0800160c       0x64 ./Drivers/STM32F1xx_HAL_Driver/Src/stm32f1xx_hal_cortex.o
 .text.SysTick_Config
                0x08001670       0x44 ./Drivers/STM32F1xx_HAL_Driver/Src/stm32f1xx_hal_cortex.o
 .text.HAL_NVIC_SetPriorityGrouping
                0x080016b4       0x16 ./Drivers/STM32F1xx_HAL_Driver/Src/stm32f1xx_hal_cortex.o
                0x080016b4                HAL_NVIC_SetPriorityGrouping
 .text.HAL_NVIC_SetPriority
                0x080016ca       0x38 ./Drivers/STM32F1xx_HAL_Driver/Src/stm32f1xx_hal_cortex.o
                0x080016ca                HAL_NVIC_SetPriority
 .text.HAL_NVIC_EnableIRQ
                0x08001702       0x1c ./Drivers/STM32F1xx_HAL_Driver/Src/stm32f1xx_hal_cortex.o
                0x08001702                HAL_NVIC_EnableIRQ
 .text.HAL_SYSTICK_Config
                0x0800171e       0x18 ./Drivers/STM32F1xx_HAL_Driver/Src/stm32f1xx_hal_cortex.o
                0x0800171e                HAL_SYSTICK_Config
 *fill*         0x08001736        0x2 
 .text.HAL_DMA_Init
                0x08001738       0xec ./Drivers/STM32F1xx_HAL_Driver/Src/stm32f1xx_hal_dma.o
                0x08001738                HAL_DMA_Init
 .text.HAL_DMA_Abort
                0x08001824       0x76 ./Drivers/STM32F1xx_HAL_Driver/Src/stm32f1xx_hal_dma.o
                0x08001824                HAL_DMA_Abort
 *fill*         0x0800189a        0x2 
 .text.HAL_DMA_Abort_IT
                0x0800189c      0x210 ./Drivers/STM32F1xx_HAL_Driver/Src/stm32f1xx_hal_dma.o
                0x0800189c                HAL_DMA_Abort_IT
 .text.HAL_DMA_IRQHandler
                0x08001aac      0x478 ./Drivers/STM32F1xx_HAL_Driver/Src/stm32f1xx_hal_dma.o
                0x08001aac                HAL_DMA_IRQHandler
 .text.HAL_GPIO_Init
                0x08001f24      0x328 ./Drivers/STM32F1xx_HAL_Driver/Src/stm32f1xx_hal_gpio.o
                0x08001f24                HAL_GPIO_Init
 .text.HAL_GPIO_ReadPin
                0x0800224c       0x2e ./Drivers/STM32F1xx_HAL_Driver/Src/stm32f1xx_hal_gpio.o
                0x0800224c                HAL_GPIO_ReadPin
 .text.HAL_GPIO_WritePin
                0x0800227a       0x30 ./Drivers/STM32F1xx_HAL_Driver/Src/stm32f1xx_hal_gpio.o
                0x0800227a                HAL_GPIO_WritePin
 .text.HAL_GPIO_TogglePin
                0x080022aa       0x32 ./Drivers/STM32F1xx_HAL_Driver/Src/stm32f1xx_hal_gpio.o
                0x080022aa                HAL_GPIO_TogglePin
 .text.HAL_RCC_OscConfig
                0x080022dc      0x504 ./Drivers/STM32F1xx_HAL_Driver/Src/stm32f1xx_hal_rcc.o
                0x080022dc                HAL_RCC_OscConfig
 .text.HAL_RCC_ClockConfig
                0x080027e0      0x1d4 ./Drivers/STM32F1xx_HAL_Driver/Src/stm32f1xx_hal_rcc.o
                0x080027e0                HAL_RCC_ClockConfig
 .text.HAL_RCC_GetSysClockFreq
                0x080029b4       0xa8 ./Drivers/STM32F1xx_HAL_Driver/Src/stm32f1xx_hal_rcc.o
                0x080029b4                HAL_RCC_GetSysClockFreq
 .text.HAL_RCC_GetHCLKFreq
                0x08002a5c       0x14 ./Drivers/STM32F1xx_HAL_Driver/Src/stm32f1xx_hal_rcc.o
                0x08002a5c                HAL_RCC_GetHCLKFreq
 .text.HAL_RCC_GetPCLK1Freq
                0x08002a70       0x28 ./Drivers/STM32F1xx_HAL_Driver/Src/stm32f1xx_hal_rcc.o
                0x08002a70                HAL_RCC_GetPCLK1Freq
 .text.HAL_RCC_GetPCLK2Freq
                0x08002a98       0x28 ./Drivers/STM32F1xx_HAL_Driver/Src/stm32f1xx_hal_rcc.o
                0x08002a98                HAL_RCC_GetPCLK2Freq
 .text.RCC_Delay
                0x08002ac0       0x3c ./Drivers/STM32F1xx_HAL_Driver/Src/stm32f1xx_hal_rcc.o
 .text.HAL_UART_Init
                0x08002afc       0xa0 ./Drivers/STM32F1xx_HAL_Driver/Src/stm32f1xx_hal_uart.o
                0x08002afc                HAL_UART_Init
 .text.HAL_UART_Transmit
                0x08002b9c      0x116 ./Drivers/STM32F1xx_HAL_Driver/Src/stm32f1xx_hal_uart.o
                0x08002b9c                HAL_UART_Transmit
 .text.HAL_UART_Receive_IT
                0x08002cb2       0x4a ./Drivers/STM32F1xx_HAL_Driver/Src/stm32f1xx_hal_uart.o
                0x08002cb2                HAL_UART_Receive_IT
 .text.HAL_UART_IRQHandler
                0x08002cfc      0x524 ./Drivers/STM32F1xx_HAL_Driver/Src/stm32f1xx_hal_uart.o
                0x08002cfc                HAL_UART_IRQHandler
 .text.HAL_UART_TxCpltCallback
                0x08003220       0x12 ./Drivers/STM32F1xx_HAL_Driver/Src/stm32f1xx_hal_uart.o
                0x08003220                HAL_UART_TxCpltCallback
 .text.HAL_UART_ErrorCallback
                0x08003232       0x12 ./Drivers/STM32F1xx_HAL_Driver/Src/stm32f1xx_hal_uart.o
                0x08003232                HAL_UART_ErrorCallback
 .text.HAL_UARTEx_RxEventCallback
                0x08003244       0x16 ./Drivers/STM32F1xx_HAL_Driver/Src/stm32f1xx_hal_uart.o
                0x08003244                HAL_UARTEx_RxEventCallback
 .text.UART_WaitOnFlagUntilTimeout
                0x0800325a       0xb2 ./Drivers/STM32F1xx_HAL_Driver/Src/stm32f1xx_hal_uart.o
 .text.UART_Start_Receive_IT
                0x0800330c       0x72 ./Drivers/STM32F1xx_HAL_Driver/Src/stm32f1xx_hal_uart.o
                0x0800330c                UART_Start_Receive_IT
 .text.UART_EndRxTransfer
                0x0800337e       0xc4 ./Drivers/STM32F1xx_HAL_Driver/Src/stm32f1xx_hal_uart.o
 .text.UART_DMAAbortOnError
                0x08003442       0x28 ./Drivers/STM32F1xx_HAL_Driver/Src/stm32f1xx_hal_uart.o
 .text.UART_Transmit_IT
                0x0800346a       0x9e ./Drivers/STM32F1xx_HAL_Driver/Src/stm32f1xx_hal_uart.o
 .text.UART_EndTransmit_IT
                0x08003508       0x30 ./Drivers/STM32F1xx_HAL_Driver/Src/stm32f1xx_hal_uart.o
 .text.UART_Receive_IT
                0x08003538      0x17c ./Drivers/STM32F1xx_HAL_Driver/Src/stm32f1xx_hal_uart.o
 .text.UART_SetConfig
                0x080036b4      0x11c ./Drivers/STM32F1xx_HAL_Driver/Src/stm32f1xx_hal_uart.o
 .text.std      0x080037d0       0x6c /opt/st/stm32cubeide_1.19.0/plugins/com.st.stm32cube.ide.mcu.externaltools.gnu-tools-for-stm32.13.3.rel1.linux64_1.0.0.202410170706/tools/bin/../lib/gcc/arm-none-eabi/13.3.1/../../../../arm-none-eabi/lib/thumb/v7-m/nofp/libc_nano.a(libc_a-findfp.o)
 .text.stdio_exit_handler
                0x0800383c       0x18 /opt/st/stm32cubeide_1.19.0/plugins/com.st.stm32cube.ide.mcu.externaltools.gnu-tools-for-stm32.13.3.rel1.linux64_1.0.0.202410170706/tools/bin/../lib/gcc/arm-none-eabi/13.3.1/../../../../arm-none-eabi/lib/thumb/v7-m/nofp/libc_nano.a(libc_a-findfp.o)
 .text.cleanup_stdio
                0x08003854       0x40 /opt/st/stm32cubeide_1.19.0/plugins/com.st.stm32cube.ide.mcu.externaltools.gnu-tools-for-stm32.13.3.rel1.linux64_1.0.0.202410170706/tools/bin/../lib/gcc/arm-none-eabi/13.3.1/../../../../arm-none-eabi/lib/thumb/v7-m/nofp/libc_nano.a(libc_a-findfp.o)
 .text.global_stdio_init.part.0
                0x08003894       0x3c /opt/st/stm32cubeide_1.19.0/plugins/com.st.stm32cube.ide.mcu.externaltools.gnu-tools-for-stm32.13.3.rel1.linux64_1.0.0.202410170706/tools/bin/../lib/gcc/arm-none-eabi/13.3.1/../../../../arm-none-eabi/lib/thumb/v7-m/nofp/libc_nano.a(libc_a-findfp.o)
 .text.__sfp_lock_acquire
                0x080038d0        0xc /opt/st/stm32cubeide_1.19.0/plugins/com.st.stm32cube.ide.mcu.externaltools.gnu-tools-for-stm32.13.3.rel1.linux64_1.0.0.202410170706/tools/bin/../lib/gcc/arm-none-eabi/13.3.1/../../../../arm-none-eabi/lib/thumb/v7-m/nofp/libc_nano.a(libc_a-findfp.o)
                0x080038d0                __sfp_lock_acquire
 .text.__sfp_lock_release
                0x080038dc        0xc /opt/st/stm32cubeide_1.19.0/plugins/com.st.stm32cube.ide.mcu.externaltools.gnu-tools-for-stm32.13.3.rel1.linux64_1.0.0.202410170706/tools/bin/../lib/gcc/arm-none-eabi/13.3.1/../../../../arm-none-eabi/lib/thumb/v7-m/nofp/libc_nano.a(libc_a-findfp.o)
                0x080038dc                __sfp_lock_release
 .text.__sinit  0x080038e8       0x30 /opt/st/stm32cubeide_1.19.0/plugins/com.st.stm32cube.ide.mcu.externaltools.gnu-tools-for-stm32.13.3.rel1.linux64_1.0.0.202410170706/tools/bin/../lib/gcc/arm-none-eabi/13.3.1/../../../../arm-none-eabi/lib/thumb/v7-m/nofp/libc_nano.a(libc_a-findfp.o)
                0x080038e8                __sinit
 .text._fwalk_sglue
                0x08003918       0x3c /opt/st/stm32cubeide_1.19.0/plugins/com.st.stm32cube.ide.mcu.externaltools.gnu-tools-for-stm32.13.3.rel1.linux64_1.0.0.202410170706/tools/bin/../lib/gcc/arm-none-eabi/13.3.1/../../../../arm-none-eabi/lib/thumb/v7-m/nofp/libc_nano.a(libc_a-fwalk.o)
                0x08003918                _fwalk_sglue
 .text.printf   0x08003954       0x24 /opt/st/stm32cubeide_1.19.0/plugins/com.st.stm32cube.ide.mcu.externaltools.gnu-tools-for-stm32.13.3.rel1.linux64_1.0.0.202410170706/tools/bin/../lib/gcc/arm-none-eabi/13.3.1/../../../../arm-none-eabi/lib/thumb/v7-m/nofp/libc_nano.a(libc_a-printf.o)
                0x08003954                printf
                0x08003954                iprintf
 .text._puts_r  0x08003978       0xaa /opt/st/stm32cubeide_1.19.0/plugins/com.st.stm32cube.ide.mcu.externaltools.gnu-tools-for-stm32.13.3.rel1.linux64_1.0.0.202410170706/tools/bin/../lib/gcc/arm-none-eabi/13.3.1/../../../../arm-none-eabi/lib/thumb/v7-m/nofp/libc_nano.a(libc_a-puts.o)
                0x08003978                _puts_r
 *fill*         0x08003a22        0x2 
 .text.puts     0x08003a24       0x10 /opt/st/stm32cubeide_1.19.0/plugins/com.st.stm32cube.ide.mcu.externaltools.gnu-tools-for-stm32.13.3.rel1.linux64_1.0.0.202410170706/tools/bin/../lib/gcc/arm-none-eabi/13.3.1/../../../../arm-none-eabi/lib/thumb/v7-m/nofp/libc_nano.a(libc_a-puts.o)
                0x08003a24                puts
 .text.__sread  0x08003a34       0x22 /opt/st/stm32cubeide_1.19.0/plugins/com.st.stm32cube.ide.mcu.externaltools.gnu-tools-for-stm32.13.3.rel1.linux64_1.0.0.202410170706/tools/bin/../lib/gcc/arm-none-eabi/13.3.1/../../../../arm-none-eabi/lib/thumb/v7-m/nofp/libc_nano.a(libc_a-stdio.o)
                0x08003a34                __sread
 .text.__swrite
                0x08003a56       0x38 /opt/st/stm32cubeide_1.19.0/plugins/com.st.stm32cube.ide.mcu.externaltools.gnu-tools-for-stm32.13.3.rel1.linux64_1.0.0.202410170706/tools/bin/../lib/gcc/arm-none-eabi/13.3.1/../../../../arm-none-eabi/lib/thumb/v7-m/nofp/libc_nano.a(libc_a-stdio.o)
                0x08003a56                __swrite
 .text.__sseek  0x08003a8e       0x24 /opt/st/stm32cubeide_1.19.0/plugins/com.st.stm32cube.ide.mcu.externaltools.gnu-tools-for-stm32.13.3.rel1.linux64_1.0.0.202410170706/tools/bin/../lib/gcc/arm-none-eabi/13.3.1/../../../../arm-none-eabi/lib/thumb/v7-m/nofp/libc_nano.a(libc_a-stdio.o)
                0x08003a8e                __sseek
 .text.__sclose
                0x08003ab2        0x8 /opt/st/stm32cubeide_1.19.0/plugins/com.st.stm32cube.ide.mcu.externaltools.gnu-tools-for-stm32.13.3.rel1.linux64_1.0.0.202410170706/tools/bin/../lib/gcc/arm-none-eabi/13.3.1/../../../../arm-none-eabi/lib/thumb/v7-m/nofp/libc_nano.a(libc_a-stdio.o)
                0x08003ab2                __sclose
 .text.__swbuf_r
                0x08003aba       0x7c /opt/st/stm32cubeide_1.19.0/plugins/com.st.stm32cube.ide.mcu.externaltools.gnu-tools-for-stm32.13.3.rel1.linux64_1.0.0.202410170706/tools/bin/../lib/gcc/arm-none-eabi/13.3.1/../../../../arm-none-eabi/lib/thumb/v7-m/nofp/libc_nano.a(libc_a-wbuf.o)
                0x08003aba                __swbuf_r
 *fill*         0x08003b36        0x2 
 .text.__swsetup_r
                0x08003b38       0xac /opt/st/stm32cubeide_1.19.0/plugins/com.st.stm32cube.ide.mcu.externaltools.gnu-tools-for-stm32.13.3.rel1.linux64_1.0.0.202410170706/tools/bin/../lib/gcc/arm-none-eabi/13.3.1/../../../../arm-none-eabi/lib/thumb/v7-m/nofp/libc_nano.a(libc_a-wsetup.o)
                0x08003b38                __swsetup_r
 .text.memset   0x08003be4       0x10 /opt/st/stm32cubeide_1.19.0/plugins/com.st.stm32cube.ide.mcu.externaltools.gnu-tools-for-stm32.13.3.rel1.linux64_1.0.0.202410170706/tools/bin/../lib/gcc/arm-none-eabi/13.3.1/../../../../arm-none-eabi/lib/thumb/v7-m/nofp/libc_nano.a(libc_a-memset.o)
                0x08003be4                memset
 .text._close_r
                0x08003bf4       0x20 /opt/st/stm32cubeide_1.19.0/plugins/com.st.stm32cube.ide.mcu.externaltools.gnu-tools-for-stm32.13.3.rel1.linux64_1.0.0.202410170706/tools/bin/../lib/gcc/arm-none-eabi/13.3.1/../../../../arm-none-eabi/lib/thumb/v7-m/nofp/libc_nano.a(libc_a-closer.o)
                0x08003bf4                _close_r
 .text._lseek_r
                0x08003c14       0x24 /opt/st/stm32cubeide_1.19.0/plugins/com.st.stm32cube.ide.mcu.externaltools.gnu-tools-for-stm32.13.3.rel1.linux64_1.0.0.202410170706/tools/bin/../lib/gcc/arm-none-eabi/13.3.1/../../../../arm-none-eabi/lib/thumb/v7-m/nofp/libc_nano.a(libc_a-lseekr.o)
                0x08003c14                _lseek_r
 .text._read_r  0x08003c38       0x24 /opt/st/stm32cubeide_1.19.0/plugins/com.st.stm32cube.ide.mcu.externaltools.gnu-tools-for-stm32.13.3.rel1.linux64_1.0.0.202410170706/tools/bin/../lib/gcc/arm-none-eabi/13.3.1/../../../../arm-none-eabi/lib/thumb/v7-m/nofp/libc_nano.a(libc_a-readr.o)
                0x08003c38                _read_r
 .text._write_r
                0x08003c5c       0x24 /opt/st/stm32cubeide_1.19.0/plugins/com.st.stm32cube.ide.mcu.externaltools.gnu-tools-for-stm32.13.3.rel1.linux64_1.0.0.202410170706/tools/bin/../lib/gcc/arm-none-eabi/13.3.1/../../../../arm-none-eabi/lib/thumb/v7-m/nofp/libc_nano.a(libc_a-writer.o)
                0x08003c5c                _write_r
 .text.__errno  0x08003c80        0xc /opt/st/stm32cubeide_1.19.0/plugins/com.st.stm32cube.ide.mcu.externaltools.gnu-tools-for-stm32.13.3.rel1.linux64_1.0.0.202410170706/tools/bin/../lib/gcc/arm-none-eabi/13.3.1/../../../../arm-none-eabi/lib/thumb/v7-m/nofp/libc_nano.a(libc_a-errno.o)
                0x08003c80                __errno
 .text.__libc_init_array
                0x08003c8c       0x48 /opt/st/stm32cubeide_1.19.0/plugins/com.st.stm32cube.ide.mcu.externaltools.gnu-tools-for-stm32.13.3.rel1.linux64_1.0.0.202410170706/tools/bin/../lib/gcc/arm-none-eabi/13.3.1/../../../../arm-none-eabi/lib/thumb/v7-m/nofp/libc_nano.a(libc_a-init.o)
                0x08003c8c                __libc_init_array
 .text.__retarget_lock_init_recursive
                0x08003cd4        0x2 /opt/st/stm32cubeide_1.19.0/plugins/com.st.stm32cube.ide.mcu.externaltools.gnu-tools-for-stm32.13.3.rel1.linux64_1.0.0.202410170706/tools/bin/../lib/gcc/arm-none-eabi/13.3.1/../../../../arm-none-eabi/lib/thumb/v7-m/nofp/libc_nano.a(libc_a-lock.o)
                0x08003cd4                __retarget_lock_init_recursive
 .text.__retarget_lock_acquire_recursive
                0x08003cd6        0x2 /opt/st/stm32cubeide_1.19.0/plugins/com.st.stm32cube.ide.mcu.externaltools.gnu-tools-for-stm32.13.3.rel1.linux64_1.0.0.202410170706/tools/bin/../lib/gcc/arm-none-eabi/13.3.1/../../../../arm-none-eabi/lib/thumb/v7-m/nofp/libc_nano.a(libc_a-lock.o)
                0x08003cd6                __retarget_lock_acquire_recursive
 .text.__retarget_lock_release_recursive
                0x08003cd8        0x2 /opt/st/stm32cubeide_1.19.0/plugins/com.st.stm32cube.ide.mcu.externaltools.gnu-tools-for-stm32.13.3.rel1.linux64_1.0.0.202410170706/tools/bin/../lib/gcc/arm-none-eabi/13.3.1/../../../../arm-none-eabi/lib/thumb/v7-m/nofp/libc_nano.a(libc_a-lock.o)
                0x08003cd8                __retarget_lock_release_recursive
 *fill*         0x08003cda        0x2 
 .text._free_r  0x08003cdc       0x90 /opt/st/stm32cubeide_1.19.0/plugins/com.st.stm32cube.ide.mcu.externaltools.gnu-tools-for-stm32.13.3.rel1.linux64_1.0.0.202410170706/tools/bin/../lib/gcc/arm-none-eabi/13.3.1/../../../../arm-none-eabi/lib/thumb/v7-m/nofp/libc_nano.a(libc_a-freer.o)
                0x08003cdc                _free_r
 .text.sbrk_aligned
                0x08003d6c       0x44 /opt/st/stm32cubeide_1.19.0/plugins/com.st.stm32cube.ide.mcu.externaltools.gnu-tools-for-stm32.13.3.rel1.linux64_1.0.0.202410170706/tools/bin/../lib/gcc/arm-none-eabi/13.3.1/../../../../arm-none-eabi/lib/thumb/v7-m/nofp/libc_nano.a(libc_a-mallocr.o)
 .text._malloc_r
                0x08003db0      0x100 /opt/st/stm32cubeide_1.19.0/plugins/com.st.stm32cube.ide.mcu.externaltools.gnu-tools-for-stm32.13.3.rel1.linux64_1.0.0.202410170706/tools/bin/../lib/gcc/arm-none-eabi/13.3.1/../../../../arm-none-eabi/lib/thumb/v7-m/nofp/libc_nano.a(libc_a-mallocr.o)
                0x08003db0                _malloc_r
 .text.__malloc_lock
                0x08003eb0        0xc /opt/st/stm32cubeide_1.19.0/plugins/com.st.stm32cube.ide.mcu.externaltools.gnu-tools-for-stm32.13.3.rel1.linux64_1.0.0.202410170706/tools/bin/../lib/gcc/arm-none-eabi/13.3.1/../../../../arm-none-eabi/lib/thumb/v7-m/nofp/libc_nano.a(libc_a-mlock.o)
                0x08003eb0                __malloc_lock
 .text.__malloc_unlock
                0x08003ebc        0xc /opt/st/stm32cubeide_1.19.0/plugins/com.st.stm32cube.ide.mcu.externaltools.gnu-tools-for-stm32.13.3.rel1.linux64_1.0.0.202410170706/tools/bin/../lib/gcc/arm-none-eabi/13.3.1/../../../../arm-none-eabi/lib/thumb/v7-m/nofp/libc_nano.a(libc_a-mlock.o)
                0x08003ebc                __malloc_unlock
 .text.__sfputc_r
                0x08003ec8       0x2a /opt/st/stm32cubeide_1.19.0/plugins/com.st.stm32cube.ide.mcu.externaltools.gnu-tools-for-stm32.13.3.rel1.linux64_1.0.0.202410170706/tools/bin/../lib/gcc/arm-none-eabi/13.3.1/../../../../arm-none-eabi/lib/thumb/v7-m/nofp/libc_nano.a(libc_a-nano-vfprintf.o)
 .text.__sfputs_r
                0x08003ef2       0x24 /opt/st/stm32cubeide_1.19.0/plugins/com.st.stm32cube.ide.mcu.externaltools.gnu-tools-for-stm32.13.3.rel1.linux64_1.0.0.202410170706/tools/bin/../lib/gcc/arm-none-eabi/13.3.1/../../../../arm-none-eabi/lib/thumb/v7-m/nofp/libc_nano.a(libc_a-nano-vfprintf.o)
                0x08003ef2                __sfputs_r
 *fill*         0x08003f16        0x2 
 .text._vfprintf_r
                0x08003f18      0x230 /opt/st/stm32cubeide_1.19.0/plugins/com.st.stm32cube.ide.mcu.externaltools.gnu-tools-for-stm32.13.3.rel1.linux64_1.0.0.202410170706/tools/bin/../lib/gcc/arm-none-eabi/13.3.1/../../../../arm-none-eabi/lib/thumb/v7-m/nofp/libc_nano.a(libc_a-nano-vfprintf.o)
                0x08003f18                _vfiprintf_r
                0x08003f18                _vfprintf_r
 .text._printf_common
                0x08004148       0xe4 /opt/st/stm32cubeide_1.19.0/plugins/com.st.stm32cube.ide.mcu.externaltools.gnu-tools-for-stm32.13.3.rel1.linux64_1.0.0.202410170706/tools/bin/../lib/gcc/arm-none-eabi/13.3.1/../../../../arm-none-eabi/lib/thumb/v7-m/nofp/libc_nano.a(libc_a-nano-vfprintf_i.o)
                0x08004148                _printf_common
 .text._printf_i
                0x0800422c      0x23c /opt/st/stm32cubeide_1.19.0/plugins/com.st.stm32cube.ide.mcu.externaltools.gnu-tools-for-stm32.13.3.rel1.linux64_1.0.0.202410170706/tools/bin/../lib/gcc/arm-none-eabi/13.3.1/../../../../arm-none-eabi/lib/thumb/v7-m/nofp/libc_nano.a(libc_a-nano-vfprintf_i.o)
                0x0800422c                _printf_i
 .text.__sflush_r
                0x08004468      0x100 /opt/st/stm32cubeide_1.19.0/plugins/com.st.stm32cube.ide.mcu.externaltools.gnu-tools-for-stm32.13.3.rel1.linux64_1.0.0.202410170706/tools/bin/../lib/gcc/arm-none-eabi/13.3.1/../../../../arm-none-eabi/lib/thumb/v7-m/nofp/libc_nano.a(libc_a-fflush.o)
                0x08004468                __sflush_r
 .text._fflush_r
                0x08004568       0x50 /opt/st/stm32cubeide_1.19.0/plugins/com.st.stm32cube.ide.mcu.externaltools.gnu-tools-for-stm32.13.3.rel1.linux64_1.0.0.202410170706/tools/bin/../lib/gcc/arm-none-eabi/13.3.1/../../../../arm-none-eabi/lib/thumb/v7-m/nofp/libc_nano.a(libc_a-fflush.o)
                0x08004568                _fflush_r
 .text.__swhatbuf_r
                0x080045b8       0x4a /opt/st/stm32cubeide_1.19.0/plugins/com.st.stm32cube.ide.mcu.externaltools.gnu-tools-for-stm32.13.3.rel1.linux64_1.0.0.202410170706/tools/bin/../lib/gcc/arm-none-eabi/13.3.1/../../../../arm-none-eabi/lib/thumb/v7-m/nofp/libc_nano.a(libc_a-makebuf.o)
                0x080045b8                __swhatbuf_r
 .text.__smakebuf_r
                0x08004602       0x78 /opt/st/stm32cubeide_1.19.0/plugins/com.st.stm32cube.ide.mcu.externaltools.gnu-tools-for-stm32.13.3.rel1.linux64_1.0.0.202410170706/tools/bin/../lib/gcc/arm-none-eabi/13.3.1/../../../../arm-none-eabi/lib/thumb/v7-m/nofp/libc_nano.a(libc_a-makebuf.o)
                0x08004602                __smakebuf_r
 *fill*         0x0800467a        0x2 
 .text._fstat_r
                0x0800467c       0x24 /opt/st/stm32cubeide_1.19.0/plugins/com.st.stm32cube.ide.mcu.externaltools.gnu-tools-for-stm32.13.3.rel1.linux64_1.0.0.202410170706/tools/bin/../lib/gcc/arm-none-eabi/13.3.1/../../../../arm-none-eabi/lib/thumb/v7-m/nofp/libc_nano.a(libc_a-fstatr.o)
                0x0800467c                _fstat_r
 .text._isatty_r
                0x080046a0       0x20 /opt/st/stm32cubeide_1.19.0/plugins/com.st.stm32cube.ide.mcu.externaltools.gnu-tools-for-stm32.13.3.rel1.linux64_1.0.0.202410170706/tools/bin/../lib/gcc/arm-none-eabi/13.3.1/../../../../arm-none-eabi/lib/thumb/v7-m/nofp/libc_nano.a(libc_a-isattyr.o)
                0x080046a0                _isatty_r
 .text._sbrk_r  0x080046c0       0x20 /opt/st/stm32cubeide_1.19.0/plugins/com.st.stm32cube.ide.mcu.externaltools.gnu-tools-for-stm32.13.3.rel1.linux64_1.0.0.202410170706/tools/bin/../lib/gcc/arm-none-eabi/13.3.1/../../../../arm-none-eabi/lib/thumb/v7-m/nofp/libc_nano.a(libc_a-sbrkr.o)
                0x080046c0                _sbrk_r
 .text.memchr   0x080046e0       0x1c /opt/st/stm32cubeide_1.19.0/plugins/com.st.stm32cube.ide.mcu.externaltools.gnu-tools-for-stm32.13.3.rel1.linux64_1.0.0.202410170706/tools/bin/../lib/gcc/arm-none-eabi/13.3.1/../../../../arm-none-eabi/lib/thumb/v7-m/nofp/libc_nano.a(libc_a-memchr-stub.o)
                0x080046e0                memchr
 *(.glue_7)
 .glue_7        0x080046fc        0x0 linker stubs
 *(.glue_7t)
 .glue_7t       0x080046fc        0x0 linker stubs
 *(.eh_frame)
 .eh_frame      0x080046fc        0x0 /opt/st/stm32cubeide_1.19.0/plugins/com.st.stm32cube.ide.mcu.externaltools.gnu-tools-for-stm32.13.3.rel1.linux64_1.0.0.202410170706/tools/bin/../lib/gcc/arm-none-eabi/13.3.1/thumb/v7-m/nofp/crtbegin.o
 *(.init)
 .init          0x080046fc        0x4 /opt/st/stm32cubeide_1.19.0/plugins/com.st.stm32cube.ide.mcu.externaltools.gnu-tools-for-stm32.13.3.rel1.linux64_1.0.0.202410170706/tools/bin/../lib/gcc/arm-none-eabi/13.3.1/thumb/v7-m/nofp/crti.o
                0x080046fc                _init
 .init          0x08004700        0x8 /opt/st/stm32cubeide_1.19.0/plugins/com.st.stm32cube.ide.mcu.externaltools.gnu-tools-for-stm32.13.3.rel1.linux64_1.0.0.202410170706/tools/bin/../lib/gcc/arm-none-eabi/13.3.1/thumb/v7-m/nofp/crtn.o
 *(.fini)
 .fini          0x08004708        0x4 /opt/st/stm32cubeide_1.19.0/plugins/com.st.stm32cube.ide.mcu.externaltools.gnu-tools-for-stm32.13.3.rel1.linux64_1.0.0.202410170706/tools/bin/../lib/gcc/arm-none-eabi/13.3.1/thumb/v7-m/nofp/crti.o
                0x08004708                _fini
 .fini          0x0800470c        0x8 /opt/st/stm32cubeide_1.19.0/plugins/com.st.stm32cube.ide.mcu.externaltools.gnu-tools-for-stm32.13.3.rel1.linux64_1.0.0.202410170706/tools/bin/../lib/gcc/arm-none-eabi/13.3.1/thumb/v7-m/nofp/crtn.o
                0x08004714                        . = ALIGN (0x4)
                0x08004714                        _etext = .

.vfp11_veneer   0x08004714        0x0
 .vfp11_veneer  0x08004714        0x0 linker stubs

.v4_bx          0x08004714        0x0
 .v4_bx         0x08004714        0x0 linker stubs

.iplt           0x08004714        0x0
 .iplt          0x08004714        0x0 /opt/st/stm32cubeide_1.19.0/plugins/com.st.stm32cube.ide.mcu.externaltools.gnu-tools-for-stm32.13.3.rel1.linux64_1.0.0.202410170706/tools/bin/../lib/gcc/arm-none-eabi/13.3.1/thumb/v7-m/nofp/crtbegin.o

.rodata         0x08004714       0xe8
                0x08004714                        . = ALIGN (0x4)
 *(.rodata)
 .rodata        0x08004714       0x1e ./BSP/bsp.o
 *fill*         0x08004732        0x2 
 .rodata        0x08004734       0x68 ./BSP/bsp_mpu9250.o
 *(.rodata*)
 .rodata.AHBPrescTable
                0x0800479c       0x10 ./Core/Src/system_stm32f1xx.o
                0x0800479c                AHBPrescTable
 .rodata.APBPrescTable
                0x080047ac        0x8 ./Core/Src/system_stm32f1xx.o
                0x080047ac                APBPrescTable
 .rodata.aPLLMULFactorTable.1
                0x080047b4       0x10 ./Drivers/STM32F1xx_HAL_Driver/Src/stm32f1xx_hal_rcc.o
 .rodata.aPredivFactorTable.0
                0x080047c4        0x2 ./Drivers/STM32F1xx_HAL_Driver/Src/stm32f1xx_hal_rcc.o
 .rodata._vfprintf_r.str1.1
                0x080047c6       0x33 /opt/st/stm32cubeide_1.19.0/plugins/com.st.stm32cube.ide.mcu.externaltools.gnu-tools-for-stm32.13.3.rel1.linux64_1.0.0.202410170706/tools/bin/../lib/gcc/arm-none-eabi/13.3.1/../../../../arm-none-eabi/lib/thumb/v7-m/nofp/libc_nano.a(libc_a-nano-vfprintf.o)
                                 0x11 (size before relaxing)
 .rodata._printf_i.str1.1
                0x080047f9       0x22 /opt/st/stm32cubeide_1.19.0/plugins/com.st.stm32cube.ide.mcu.externaltools.gnu-tools-for-stm32.13.3.rel1.linux64_1.0.0.202410170706/tools/bin/../lib/gcc/arm-none-eabi/13.3.1/../../../../arm-none-eabi/lib/thumb/v7-m/nofp/libc_nano.a(libc_a-nano-vfprintf_i.o)
                0x0800481c                        . = ALIGN (0x4)
 *fill*         0x080047f9        0x3 

.rel.dyn        0x080047fc        0x0
 .rel.iplt      0x080047fc        0x0 /opt/st/stm32cubeide_1.19.0/plugins/com.st.stm32cube.ide.mcu.externaltools.gnu-tools-for-stm32.13.3.rel1.linux64_1.0.0.202410170706/tools/bin/../lib/gcc/arm-none-eabi/13.3.1/thumb/v7-m/nofp/crtbegin.o

.ARM.extab      0x080047fc        0x0
                0x080047fc                        . = ALIGN (0x4)
 *(.ARM.extab* .gnu.linkonce.armextab.*)
                0x080047fc                        . = ALIGN (0x4)

.ARM            0x080047fc        0x0
                0x080047fc                        . = ALIGN (0x4)
                0x080047fc                        __exidx_start = .
 *(.ARM.exidx*)
                0x080047fc                        __exidx_end = .
                0x080047fc                        . = ALIGN (0x4)

.preinit_array  0x080047fc        0x0
                0x080047fc                        . = ALIGN (0x4)
                0x080047fc                        PROVIDE (__preinit_array_start = .)
 *(.preinit_array*)
                0x080047fc                        PROVIDE (__preinit_array_end = .)
                0x080047fc                        . = ALIGN (0x4)

.init_array     0x080047fc        0x4
                0x080047fc                        . = ALIGN (0x4)
                0x080047fc                        PROVIDE (__init_array_start = .)
 *(SORT_BY_NAME(.init_array.*))
 *(.init_array*)
 .init_array    0x080047fc        0x4 /opt/st/stm32cubeide_1.19.0/plugins/com.st.stm32cube.ide.mcu.externaltools.gnu-tools-for-stm32.13.3.rel1.linux64_1.0.0.202410170706/tools/bin/../lib/gcc/arm-none-eabi/13.3.1/thumb/v7-m/nofp/crtbegin.o
                0x08004800                        PROVIDE (__init_array_end = .)
                0x08004800                        . = ALIGN (0x4)

.fini_array     0x08004800        0x4
                0x08004800                        . = ALIGN (0x4)
                [!provide]                        PROVIDE (__fini_array_start = .)
 *(SORT_BY_NAME(.fini_array.*))
 *(.fini_array*)
 .fini_array    0x08004800        0x4 /opt/st/stm32cubeide_1.19.0/plugins/com.st.stm32cube.ide.mcu.externaltools.gnu-tools-for-stm32.13.3.rel1.linux64_1.0.0.202410170706/tools/bin/../lib/gcc/arm-none-eabi/13.3.1/thumb/v7-m/nofp/crtbegin.o
                [!provide]                        PROVIDE (__fini_array_end = .)
                0x08004804                        . = ALIGN (0x4)
                0x08004804                        _sidata = LOADADDR (.data)

.data           0x20000000       0x68 load address 0x08004804
                0x20000000                        . = ALIGN (0x4)
                0x20000000                        _sdata = .
 *(.data)
 *(.data*)
 .data.SystemCoreClock
                0x20000000        0x4 ./Core/Src/system_stm32f1xx.o
                0x20000000                SystemCoreClock
 .data.uwTickPrio
                0x20000004        0x4 ./Drivers/STM32F1xx_HAL_Driver/Src/stm32f1xx_hal.o
                0x20000004                uwTickPrio
 .data.uwTickFreq
                0x20000008        0x1 ./Drivers/STM32F1xx_HAL_Driver/Src/stm32f1xx_hal.o
                0x20000008                uwTickFreq
 *fill*         0x20000009        0x3 
 .data.__sglue  0x2000000c        0xc /opt/st/stm32cubeide_1.19.0/plugins/com.st.stm32cube.ide.mcu.externaltools.gnu-tools-for-stm32.13.3.rel1.linux64_1.0.0.202410170706/tools/bin/../lib/gcc/arm-none-eabi/13.3.1/../../../../arm-none-eabi/lib/thumb/v7-m/nofp/libc_nano.a(libc_a-findfp.o)
                0x2000000c                __sglue
 .data._impure_ptr
                0x20000018        0x4 /opt/st/stm32cubeide_1.19.0/plugins/com.st.stm32cube.ide.mcu.externaltools.gnu-tools-for-stm32.13.3.rel1.linux64_1.0.0.202410170706/tools/bin/../lib/gcc/arm-none-eabi/13.3.1/../../../../arm-none-eabi/lib/thumb/v7-m/nofp/libc_nano.a(libc_a-impure.o)
                0x20000018                _impure_ptr
 .data._impure_data
                0x2000001c       0x4c /opt/st/stm32cubeide_1.19.0/plugins/com.st.stm32cube.ide.mcu.externaltools.gnu-tools-for-stm32.13.3.rel1.linux64_1.0.0.202410170706/tools/bin/../lib/gcc/arm-none-eabi/13.3.1/../../../../arm-none-eabi/lib/thumb/v7-m/nofp/libc_nano.a(libc_a-impure.o)
                0x2000001c                _impure_data
 *(.RamFunc)
 *(.RamFunc*)
                0x20000068                        . = ALIGN (0x4)
                0x20000068                        _edata = .

.igot.plt       0x20000068        0x0 load address 0x0800486c
 .igot.plt      0x20000068        0x0 /opt/st/stm32cubeide_1.19.0/plugins/com.st.stm32cube.ide.mcu.externaltools.gnu-tools-for-stm32.13.3.rel1.linux64_1.0.0.202410170706/tools/bin/../lib/gcc/arm-none-eabi/13.3.1/thumb/v7-m/nofp/crtbegin.o
                0x20000068                        . = ALIGN (0x4)

.bss            0x20000068      0x220 load address 0x0800486c
                0x20000068                        _sbss = .
                0x20000068                        __bss_start__ = _sbss
 *(.bss)
 .bss           0x20000068       0x1c /opt/st/stm32cubeide_1.19.0/plugins/com.st.stm32cube.ide.mcu.externaltools.gnu-tools-for-stm32.13.3.rel1.linux64_1.0.0.202410170706/tools/bin/../lib/gcc/arm-none-eabi/13.3.1/thumb/v7-m/nofp/crtbegin.o
 *(.bss*)
 .bss.led_count.1
                0x20000084        0x1 ./BSP/bsp.o
 *fill*         0x20000085        0x3 
 .bss.press.0   0x20000088        0x4 ./BSP/bsp.o
 .bss.beep_on_time
                0x2000008c        0x2 ./BSP/bsp_beep.o
                0x2000008c                beep_on_time
 .bss.beep_state
                0x2000008e        0x1 ./BSP/bsp_beep.o
                0x2000008e                beep_state
 *fill*         0x2000008f        0x1 
 .bss.key1_state.0
                0x20000090        0x2 ./BSP/bsp_key.o
 .bss.aacx      0x20000092        0x2 ./BSP/bsp_mpu9250.o
                0x20000092                aacx
 .bss.aacy      0x20000094        0x2 ./BSP/bsp_mpu9250.o
                0x20000094                aacy
 .bss.aacz      0x20000096        0x2 ./BSP/bsp_mpu9250.o
                0x20000096                aacz
 .bss.gyrox     0x20000098        0x2 ./BSP/bsp_mpu9250.o
                0x20000098                gyrox
 .bss.gyroy     0x2000009a        0x2 ./BSP/bsp_mpu9250.o
                0x2000009a                gyroy
 .bss.gyroz     0x2000009c        0x2 ./BSP/bsp_mpu9250.o
                0x2000009c                gyroz
 .bss.magx      0x2000009e        0x2 ./BSP/bsp_mpu9250.o
                0x2000009e                magx
 .bss.magy      0x200000a0        0x2 ./BSP/bsp_mpu9250.o
                0x200000a0                magy
 .bss.magz      0x200000a2        0x2 ./BSP/bsp_mpu9250.o
                0x200000a2                magz
 .bss.show.0    0x200000a4        0x1 ./BSP/bsp_mpu9250.o
 .bss.RxTemp    0x200000a5        0x1 ./BSP/bsp_uart.o
                0x200000a5                RxTemp
 *fill*         0x200000a6        0x2 
 .bss.__sbrk_heap_end
                0x200000a8        0x4 ./Core/Src/sysmem.o
 .bss.huart1    0x200000ac       0x48 ./Core/Src/usart.o
                0x200000ac                huart1
 .bss.hdma_usart1_tx
                0x200000f4       0x44 ./Core/Src/usart.o
                0x200000f4                hdma_usart1_tx
 .bss.uwTick    0x20000138        0x4 ./Drivers/STM32F1xx_HAL_Driver/Src/stm32f1xx_hal.o
                0x20000138                uwTick
 .bss.__sf      0x2000013c      0x138 /opt/st/stm32cubeide_1.19.0/plugins/com.st.stm32cube.ide.mcu.externaltools.gnu-tools-for-stm32.13.3.rel1.linux64_1.0.0.202410170706/tools/bin/../lib/gcc/arm-none-eabi/13.3.1/../../../../arm-none-eabi/lib/thumb/v7-m/nofp/libc_nano.a(libc_a-findfp.o)
                0x2000013c                __sf
 .bss.__stdio_exit_handler
                0x20000274        0x4 /opt/st/stm32cubeide_1.19.0/plugins/com.st.stm32cube.ide.mcu.externaltools.gnu-tools-for-stm32.13.3.rel1.linux64_1.0.0.202410170706/tools/bin/../lib/gcc/arm-none-eabi/13.3.1/../../../../arm-none-eabi/lib/thumb/v7-m/nofp/libc_nano.a(libc_a-findfp.o)
                0x20000274                __stdio_exit_handler
 .bss.errno     0x20000278        0x4 /opt/st/stm32cubeide_1.19.0/plugins/com.st.stm32cube.ide.mcu.externaltools.gnu-tools-for-stm32.13.3.rel1.linux64_1.0.0.202410170706/tools/bin/../lib/gcc/arm-none-eabi/13.3.1/../../../../arm-none-eabi/lib/thumb/v7-m/nofp/libc_nano.a(libc_a-reent.o)
                0x20000278                errno
 .bss.__lock___malloc_recursive_mutex
                0x2000027c        0x1 /opt/st/stm32cubeide_1.19.0/plugins/com.st.stm32cube.ide.mcu.externaltools.gnu-tools-for-stm32.13.3.rel1.linux64_1.0.0.202410170706/tools/bin/../lib/gcc/arm-none-eabi/13.3.1/../../../../arm-none-eabi/lib/thumb/v7-m/nofp/libc_nano.a(libc_a-lock.o)
                0x2000027c                __lock___malloc_recursive_mutex
 .bss.__lock___sfp_recursive_mutex
                0x2000027d        0x1 /opt/st/stm32cubeide_1.19.0/plugins/com.st.stm32cube.ide.mcu.externaltools.gnu-tools-for-stm32.13.3.rel1.linux64_1.0.0.202410170706/tools/bin/../lib/gcc/arm-none-eabi/13.3.1/../../../../arm-none-eabi/lib/thumb/v7-m/nofp/libc_nano.a(libc_a-lock.o)
                0x2000027d                __lock___sfp_recursive_mutex
 *fill*         0x2000027e        0x2 
 .bss.__malloc_sbrk_start
                0x20000280        0x4 /opt/st/stm32cubeide_1.19.0/plugins/com.st.stm32cube.ide.mcu.externaltools.gnu-tools-for-stm32.13.3.rel1.linux64_1.0.0.202410170706/tools/bin/../lib/gcc/arm-none-eabi/13.3.1/../../../../arm-none-eabi/lib/thumb/v7-m/nofp/libc_nano.a(libc_a-mallocr.o)
                0x20000280                __malloc_sbrk_start
 .bss.__malloc_free_list
                0x20000284        0x4 /opt/st/stm32cubeide_1.19.0/plugins/com.st.stm32cube.ide.mcu.externaltools.gnu-tools-for-stm32.13.3.rel1.linux64_1.0.0.202410170706/tools/bin/../lib/gcc/arm-none-eabi/13.3.1/../../../../arm-none-eabi/lib/thumb/v7-m/nofp/libc_nano.a(libc_a-mallocr.o)
                0x20000284                __malloc_free_list
 *(COMMON)
                0x20000288                        . = ALIGN (0x4)
                0x20000288                        _ebss = .
                0x20000288                        __bss_end__ = _ebss

._user_heap_stack
                0x20000288      0x600 load address 0x0800486c
                0x20000288                        . = ALIGN (0x8)
                [!provide]                        PROVIDE (end = .)
                0x20000288                        PROVIDE (_end = .)
                0x20000488                        . = (. + _Min_Heap_Size)
 *fill*         0x20000288      0x200 
                0x20000888                        . = (. + _Min_Stack_Size)
 *fill*         0x20000488      0x400 
                0x20000888                        . = ALIGN (0x8)

/DISCARD/
 libc.a(*)
 libm.a(*)
 libgcc.a(*)

.ARM.attributes
                0x00000000       0x29
 *(.ARM.attributes)
 .ARM.attributes
                0x00000000       0x1d /opt/st/stm32cubeide_1.19.0/plugins/com.st.stm32cube.ide.mcu.externaltools.gnu-tools-for-stm32.13.3.rel1.linux64_1.0.0.202410170706/tools/bin/../lib/gcc/arm-none-eabi/13.3.1/thumb/v7-m/nofp/crti.o
 .ARM.attributes
                0x0000001d       0x2d /opt/st/stm32cubeide_1.19.0/plugins/com.st.stm32cube.ide.mcu.externaltools.gnu-tools-for-stm32.13.3.rel1.linux64_1.0.0.202410170706/tools/bin/../lib/gcc/arm-none-eabi/13.3.1/thumb/v7-m/nofp/crtbegin.o
 .ARM.attributes
                0x0000004a       0x2d ./BSP/bsp.o
 .ARM.attributes
                0x00000077       0x2d ./BSP/bsp_beep.o
 .ARM.attributes
                0x000000a4       0x2d ./BSP/bsp_key.o
 .ARM.attributes
                0x000000d1       0x2d ./BSP/bsp_mpu9250.o
 .ARM.attributes
                0x000000fe       0x2d ./BSP/bsp_mpuiic.o
 .ARM.attributes
                0x0000012b       0x2d ./BSP/bsp_uart.o
 .ARM.attributes
                0x00000158       0x2d ./Core/Src/dma.o
 .ARM.attributes
                0x00000185       0x2d ./Core/Src/gpio.o
 .ARM.attributes
                0x000001b2       0x2d ./Core/Src/main.o
 .ARM.attributes
                0x000001df       0x2d ./Core/Src/stm32f1xx_hal_msp.o
 .ARM.attributes
                0x0000020c       0x2d ./Core/Src/stm32f1xx_it.o
 .ARM.attributes
                0x00000239       0x2d ./Core/Src/syscalls.o
 .ARM.attributes
                0x00000266       0x2d ./Core/Src/sysmem.o
 .ARM.attributes
                0x00000293       0x2d ./Core/Src/system_stm32f1xx.o
 .ARM.attributes
                0x000002c0       0x2d ./Core/Src/usart.o
 .ARM.attributes
                0x000002ed       0x21 ./Core/Startup/startup_stm32f103rctx.o
 .ARM.attributes
                0x0000030e       0x2d ./Drivers/STM32F1xx_HAL_Driver/Src/stm32f1xx_hal.o
 .ARM.attributes
                0x0000033b       0x2d ./Drivers/STM32F1xx_HAL_Driver/Src/stm32f1xx_hal_cortex.o
 .ARM.attributes
                0x00000368       0x2d ./Drivers/STM32F1xx_HAL_Driver/Src/stm32f1xx_hal_dma.o
 .ARM.attributes
                0x00000395       0x2d ./Drivers/STM32F1xx_HAL_Driver/Src/stm32f1xx_hal_gpio.o
 .ARM.attributes
                0x000003c2       0x2d ./Drivers/STM32F1xx_HAL_Driver/Src/stm32f1xx_hal_rcc.o
 .ARM.attributes
                0x000003ef       0x2d ./Drivers/STM32F1xx_HAL_Driver/Src/stm32f1xx_hal_uart.o
 .ARM.attributes
                0x0000041c       0x2d /opt/st/stm32cubeide_1.19.0/plugins/com.st.stm32cube.ide.mcu.externaltools.gnu-tools-for-stm32.13.3.rel1.linux64_1.0.0.202410170706/tools/bin/../lib/gcc/arm-none-eabi/13.3.1/../../../../arm-none-eabi/lib/thumb/v7-m/nofp/libc_nano.a(libc_a-findfp.o)
 .ARM.attributes
                0x00000449       0x2d /opt/st/stm32cubeide_1.19.0/plugins/com.st.stm32cube.ide.mcu.externaltools.gnu-tools-for-stm32.13.3.rel1.linux64_1.0.0.202410170706/tools/bin/../lib/gcc/arm-none-eabi/13.3.1/../../../../arm-none-eabi/lib/thumb/v7-m/nofp/libc_nano.a(libc_a-fwalk.o)
 .ARM.attributes
                0x00000476       0x2d /opt/st/stm32cubeide_1.19.0/plugins/com.st.stm32cube.ide.mcu.externaltools.gnu-tools-for-stm32.13.3.rel1.linux64_1.0.0.202410170706/tools/bin/../lib/gcc/arm-none-eabi/13.3.1/../../../../arm-none-eabi/lib/thumb/v7-m/nofp/libc_nano.a(libc_a-printf.o)
 .ARM.attributes
                0x000004a3       0x2d /opt/st/stm32cubeide_1.19.0/plugins/com.st.stm32cube.ide.mcu.externaltools.gnu-tools-for-stm32.13.3.rel1.linux64_1.0.0.202410170706/tools/bin/../lib/gcc/arm-none-eabi/13.3.1/../../../../arm-none-eabi/lib/thumb/v7-m/nofp/libc_nano.a(libc_a-puts.o)
 .ARM.attributes
                0x000004d0       0x2d /opt/st/stm32cubeide_1.19.0/plugins/com.st.stm32cube.ide.mcu.externaltools.gnu-tools-for-stm32.13.3.rel1.linux64_1.0.0.202410170706/tools/bin/../lib/gcc/arm-none-eabi/13.3.1/../../../../arm-none-eabi/lib/thumb/v7-m/nofp/libc_nano.a(libc_a-stdio.o)
 .ARM.attributes
                0x000004fd       0x2d /opt/st/stm32cubeide_1.19.0/plugins/com.st.stm32cube.ide.mcu.externaltools.gnu-tools-for-stm32.13.3.rel1.linux64_1.0.0.202410170706/tools/bin/../lib/gcc/arm-none-eabi/13.3.1/../../../../arm-none-eabi/lib/thumb/v7-m/nofp/libc_nano.a(libc_a-wbuf.o)
 .ARM.attributes
                0x0000052a       0x2d /opt/st/stm32cubeide_1.19.0/plugins/com.st.stm32cube.ide.mcu.externaltools.gnu-tools-for-stm32.13.3.rel1.linux64_1.0.0.202410170706/tools/bin/../lib/gcc/arm-none-eabi/13.3.1/../../../../arm-none-eabi/lib/thumb/v7-m/nofp/libc_nano.a(libc_a-wsetup.o)
 .ARM.attributes
                0x00000557       0x2d /opt/st/stm32cubeide_1.19.0/plugins/com.st.stm32cube.ide.mcu.externaltools.gnu-tools-for-stm32.13.3.rel1.linux64_1.0.0.202410170706/tools/bin/../lib/gcc/arm-none-eabi/13.3.1/../../../../arm-none-eabi/lib/thumb/v7-m/nofp/libc_nano.a(libc_a-memset.o)
 .ARM.attributes
                0x00000584       0x2d /opt/st/stm32cubeide_1.19.0/plugins/com.st.stm32cube.ide.mcu.externaltools.gnu-tools-for-stm32.13.3.rel1.linux64_1.0.0.202410170706/tools/bin/../lib/gcc/arm-none-eabi/13.3.1/../../../../arm-none-eabi/lib/thumb/v7-m/nofp/libc_nano.a(libc_a-closer.o)
 .ARM.attributes
                0x000005b1       0x2d /opt/st/stm32cubeide_1.19.0/plugins/com.st.stm32cube.ide.mcu.externaltools.gnu-tools-for-stm32.13.3.rel1.linux64_1.0.0.202410170706/tools/bin/../lib/gcc/arm-none-eabi/13.3.1/../../../../arm-none-eabi/lib/thumb/v7-m/nofp/libc_nano.a(libc_a-reent.o)
 .ARM.attributes
                0x000005de       0x2d /opt/st/stm32cubeide_1.19.0/plugins/com.st.stm32cube.ide.mcu.externaltools.gnu-tools-for-stm32.13.3.rel1.linux64_1.0.0.202410170706/tools/bin/../lib/gcc/arm-none-eabi/13.3.1/../../../../arm-none-eabi/lib/thumb/v7-m/nofp/libc_nano.a(libc_a-impure.o)
 .ARM.attributes
                0x0000060b       0x2d /opt/st/stm32cubeide_1.19.0/plugins/com.st.stm32cube.ide.mcu.externaltools.gnu-tools-for-stm32.13.3.rel1.linux64_1.0.0.202410170706/tools/bin/../lib/gcc/arm-none-eabi/13.3.1/../../../../arm-none-eabi/lib/thumb/v7-m/nofp/libc_nano.a(libc_a-lseekr.o)
 .ARM.attributes
                0x00000638       0x2d /opt/st/stm32cubeide_1.19.0/plugins/com.st.stm32cube.ide.mcu.externaltools.gnu-tools-for-stm32.13.3.rel1.linux64_1.0.0.202410170706/tools/bin/../lib/gcc/arm-none-eabi/13.3.1/../../../../arm-none-eabi/lib/thumb/v7-m/nofp/libc_nano.a(libc_a-readr.o)
 .ARM.attributes
                0x00000665       0x2d /opt/st/stm32cubeide_1.19.0/plugins/com.st.stm32cube.ide.mcu.externaltools.gnu-tools-for-stm32.13.3.rel1.linux64_1.0.0.202410170706/tools/bin/../lib/gcc/arm-none-eabi/13.3.1/../../../../arm-none-eabi/lib/thumb/v7-m/nofp/libc_nano.a(libc_a-writer.o)
 .ARM.attributes
                0x00000692       0x2d /opt/st/stm32cubeide_1.19.0/plugins/com.st.stm32cube.ide.mcu.externaltools.gnu-tools-for-stm32.13.3.rel1.linux64_1.0.0.202410170706/tools/bin/../lib/gcc/arm-none-eabi/13.3.1/../../../../arm-none-eabi/lib/thumb/v7-m/nofp/libc_nano.a(libc_a-errno.o)
 .ARM.attributes
                0x000006bf       0x2d /opt/st/stm32cubeide_1.19.0/plugins/com.st.stm32cube.ide.mcu.externaltools.gnu-tools-for-stm32.13.3.rel1.linux64_1.0.0.202410170706/tools/bin/../lib/gcc/arm-none-eabi/13.3.1/../../../../arm-none-eabi/lib/thumb/v7-m/nofp/libc_nano.a(libc_a-init.o)
 .ARM.attributes
                0x000006ec       0x2d /opt/st/stm32cubeide_1.19.0/plugins/com.st.stm32cube.ide.mcu.externaltools.gnu-tools-for-stm32.13.3.rel1.linux64_1.0.0.202410170706/tools/bin/../lib/gcc/arm-none-eabi/13.3.1/../../../../arm-none-eabi/lib/thumb/v7-m/nofp/libc_nano.a(libc_a-lock.o)
 .ARM.attributes
                0x00000719       0x2d /opt/st/stm32cubeide_1.19.0/plugins/com.st.stm32cube.ide.mcu.externaltools.gnu-tools-for-stm32.13.3.rel1.linux64_1.0.0.202410170706/tools/bin/../lib/gcc/arm-none-eabi/13.3.1/../../../../arm-none-eabi/lib/thumb/v7-m/nofp/libc_nano.a(libc_a-freer.o)
 .ARM.attributes
                0x00000746       0x2d /opt/st/stm32cubeide_1.19.0/plugins/com.st.stm32cube.ide.mcu.externaltools.gnu-tools-for-stm32.13.3.rel1.linux64_1.0.0.202410170706/tools/bin/../lib/gcc/arm-none-eabi/13.3.1/../../../../arm-none-eabi/lib/thumb/v7-m/nofp/libc_nano.a(libc_a-mallocr.o)
 .ARM.attributes
                0x00000773       0x2d /opt/st/stm32cubeide_1.19.0/plugins/com.st.stm32cube.ide.mcu.externaltools.gnu-tools-for-stm32.13.3.rel1.linux64_1.0.0.202410170706/tools/bin/../lib/gcc/arm-none-eabi/13.3.1/../../../../arm-none-eabi/lib/thumb/v7-m/nofp/libc_nano.a(libc_a-mlock.o)
 .ARM.attributes
                0x000007a0       0x2d /opt/st/stm32cubeide_1.19.0/plugins/com.st.stm32cube.ide.mcu.externaltools.gnu-tools-for-stm32.13.3.rel1.linux64_1.0.0.202410170706/tools/bin/../lib/gcc/arm-none-eabi/13.3.1/../../../../arm-none-eabi/lib/thumb/v7-m/nofp/libc_nano.a(libc_a-nano-vfprintf.o)
 .ARM.attributes
                0x000007cd       0x2d /opt/st/stm32cubeide_1.19.0/plugins/com.st.stm32cube.ide.mcu.externaltools.gnu-tools-for-stm32.13.3.rel1.linux64_1.0.0.202410170706/tools/bin/../lib/gcc/arm-none-eabi/13.3.1/../../../../arm-none-eabi/lib/thumb/v7-m/nofp/libc_nano.a(libc_a-nano-vfprintf_i.o)
 .ARM.attributes
                0x000007fa       0x2d /opt/st/stm32cubeide_1.19.0/plugins/com.st.stm32cube.ide.mcu.externaltools.gnu-tools-for-stm32.13.3.rel1.linux64_1.0.0.202410170706/tools/bin/../lib/gcc/arm-none-eabi/13.3.1/../../../../arm-none-eabi/lib/thumb/v7-m/nofp/libc_nano.a(libc_a-fflush.o)
 .ARM.attributes
                0x00000827       0x2d /opt/st/stm32cubeide_1.19.0/plugins/com.st.stm32cube.ide.mcu.externaltools.gnu-tools-for-stm32.13.3.rel1.linux64_1.0.0.202410170706/tools/bin/../lib/gcc/arm-none-eabi/13.3.1/../../../../arm-none-eabi/lib/thumb/v7-m/nofp/libc_nano.a(libc_a-makebuf.o)
 .ARM.attributes
                0x00000854       0x2d /opt/st/stm32cubeide_1.19.0/plugins/com.st.stm32cube.ide.mcu.externaltools.gnu-tools-for-stm32.13.3.rel1.linux64_1.0.0.202410170706/tools/bin/../lib/gcc/arm-none-eabi/13.3.1/../../../../arm-none-eabi/lib/thumb/v7-m/nofp/libc_nano.a(libc_a-fstatr.o)
 .ARM.attributes
                0x00000881       0x2d /opt/st/stm32cubeide_1.19.0/plugins/com.st.stm32cube.ide.mcu.externaltools.gnu-tools-for-stm32.13.3.rel1.linux64_1.0.0.202410170706/tools/bin/../lib/gcc/arm-none-eabi/13.3.1/../../../../arm-none-eabi/lib/thumb/v7-m/nofp/libc_nano.a(libc_a-isattyr.o)
 .ARM.attributes
                0x000008ae       0x2d /opt/st/stm32cubeide_1.19.0/plugins/com.st.stm32cube.ide.mcu.externaltools.gnu-tools-for-stm32.13.3.rel1.linux64_1.0.0.202410170706/tools/bin/../lib/gcc/arm-none-eabi/13.3.1/../../../../arm-none-eabi/lib/thumb/v7-m/nofp/libc_nano.a(libc_a-sbrkr.o)
 .ARM.attributes
                0x000008db       0x2d /opt/st/stm32cubeide_1.19.0/plugins/com.st.stm32cube.ide.mcu.externaltools.gnu-tools-for-stm32.13.3.rel1.linux64_1.0.0.202410170706/tools/bin/../lib/gcc/arm-none-eabi/13.3.1/../../../../arm-none-eabi/lib/thumb/v7-m/nofp/libc_nano.a(libc_a-memchr-stub.o)
 .ARM.attributes
                0x00000908       0x1d /opt/st/stm32cubeide_1.19.0/plugins/com.st.stm32cube.ide.mcu.externaltools.gnu-tools-for-stm32.13.3.rel1.linux64_1.0.0.202410170706/tools/bin/../lib/gcc/arm-none-eabi/13.3.1/thumb/v7-m/nofp/crtn.o
OUTPUT(Read_IMU.elf elf32-littlearm)
LOAD linker stubs
LOAD /opt/st/stm32cubeide_1.19.0/plugins/com.st.stm32cube.ide.mcu.externaltools.gnu-tools-for-stm32.13.3.rel1.linux64_1.0.0.202410170706/tools/bin/../lib/gcc/arm-none-eabi/13.3.1/../../../../arm-none-eabi/lib/thumb/v7-m/nofp/libc.a
LOAD /opt/st/stm32cubeide_1.19.0/plugins/com.st.stm32cube.ide.mcu.externaltools.gnu-tools-for-stm32.13.3.rel1.linux64_1.0.0.202410170706/tools/bin/../lib/gcc/arm-none-eabi/13.3.1/../../../../arm-none-eabi/lib/thumb/v7-m/nofp/libm.a
LOAD /opt/st/stm32cubeide_1.19.0/plugins/com.st.stm32cube.ide.mcu.externaltools.gnu-tools-for-stm32.13.3.rel1.linux64_1.0.0.202410170706/tools/bin/../lib/gcc/arm-none-eabi/13.3.1/thumb/v7-m/nofp/libgcc.a

.debug_info     0x00000000     0x9083
 .debug_info    0x00000000      0x247 ./BSP/bsp.o
 .debug_info    0x00000247      0x25f ./BSP/bsp_beep.o
 .debug_info    0x000004a6      0x1d2 ./BSP/bsp_key.o
 .debug_info    0x00000678      0x653 ./BSP/bsp_mpu9250.o
 .debug_info    0x00000ccb      0x2b3 ./BSP/bsp_mpuiic.o
 .debug_info    0x00000f7e      0x68a ./BSP/bsp_uart.o
 .debug_info    0x00001608      0x335 ./Core/Src/dma.o
 .debug_info    0x0000193d      0x2d3 ./Core/Src/gpio.o
 .debug_info    0x00001c10      0x2ac ./Core/Src/main.o
 .debug_info    0x00001ebc      0x1f1 ./Core/Src/stm32f1xx_hal_msp.o
 .debug_info    0x000020ad      0x616 ./Core/Src/stm32f1xx_it.o
 .debug_info    0x000026c3      0x6a3 ./Core/Src/syscalls.o
 .debug_info    0x00002d66      0x168 ./Core/Src/sysmem.o
 .debug_info    0x00002ece      0x222 ./Core/Src/system_stm32f1xx.o
 .debug_info    0x000030f0      0x9cd ./Core/Src/usart.o
 .debug_info    0x00003abd       0x30 ./Core/Startup/startup_stm32f103rctx.o
 .debug_info    0x00003aed      0x76a ./Drivers/STM32F1xx_HAL_Driver/Src/stm32f1xx_hal.o
 .debug_info    0x00004257      0xaed ./Drivers/STM32F1xx_HAL_Driver/Src/stm32f1xx_hal_cortex.o
 .debug_info    0x00004d44      0x6d2 ./Drivers/STM32F1xx_HAL_Driver/Src/stm32f1xx_hal_dma.o
 .debug_info    0x00005416      0x5ab ./Drivers/STM32F1xx_HAL_Driver/Src/stm32f1xx_hal_gpio.o
 .debug_info    0x000059c1      0x7d5 ./Drivers/STM32F1xx_HAL_Driver/Src/stm32f1xx_hal_rcc.o
 .debug_info    0x00006196     0x2eed ./Drivers/STM32F1xx_HAL_Driver/Src/stm32f1xx_hal_uart.o

.debug_abbrev   0x00000000     0x2424
 .debug_abbrev  0x00000000      0x170 ./BSP/bsp.o
 .debug_abbrev  0x00000170      0x177 ./BSP/bsp_beep.o
 .debug_abbrev  0x000002e7      0x121 ./BSP/bsp_key.o
 .debug_abbrev  0x00000408      0x269 ./BSP/bsp_mpu9250.o
 .debug_abbrev  0x00000671      0x191 ./BSP/bsp_mpuiic.o
 .debug_abbrev  0x00000802      0x1bb ./BSP/bsp_uart.o
 .debug_abbrev  0x000009bd       0xfc ./Core/Src/dma.o
 .debug_abbrev  0x00000ab9      0x13f ./Core/Src/gpio.o
 .debug_abbrev  0x00000bf8      0x172 ./Core/Src/main.o
 .debug_abbrev  0x00000d6a       0xdb ./Core/Src/stm32f1xx_hal_msp.o
 .debug_abbrev  0x00000e45      0x178 ./Core/Src/stm32f1xx_it.o
 .debug_abbrev  0x00000fbd      0x1b6 ./Core/Src/syscalls.o
 .debug_abbrev  0x00001173       0xbc ./Core/Src/sysmem.o
 .debug_abbrev  0x0000122f      0x13f ./Core/Src/system_stm32f1xx.o
 .debug_abbrev  0x0000136e      0x219 ./Core/Src/usart.o
 .debug_abbrev  0x00001587       0x24 ./Core/Startup/startup_stm32f103rctx.o
 .debug_abbrev  0x000015ab      0x201 ./Drivers/STM32F1xx_HAL_Driver/Src/stm32f1xx_hal.o
 .debug_abbrev  0x000017ac      0x2f8 ./Drivers/STM32F1xx_HAL_Driver/Src/stm32f1xx_hal_cortex.o
 .debug_abbrev  0x00001aa4      0x20b ./Drivers/STM32F1xx_HAL_Driver/Src/stm32f1xx_hal_dma.o
 .debug_abbrev  0x00001caf      0x1ca ./Drivers/STM32F1xx_HAL_Driver/Src/stm32f1xx_hal_gpio.o
 .debug_abbrev  0x00001e79      0x2b3 ./Drivers/STM32F1xx_HAL_Driver/Src/stm32f1xx_hal_rcc.o
 .debug_abbrev  0x0000212c      0x2f8 ./Drivers/STM32F1xx_HAL_Driver/Src/stm32f1xx_hal_uart.o

.debug_aranges  0x00000000      0x968
 .debug_aranges
                0x00000000       0x30 ./BSP/bsp.o
 .debug_aranges
                0x00000030       0x48 ./BSP/bsp_beep.o
 .debug_aranges
                0x00000078       0x28 ./BSP/bsp_key.o
 .debug_aranges
                0x000000a0       0x90 ./BSP/bsp_mpu9250.o
 .debug_aranges
                0x00000130       0x60 ./BSP/bsp_mpuiic.o
 .debug_aranges
                0x00000190       0x40 ./BSP/bsp_uart.o
 .debug_aranges
                0x000001d0       0x20 ./Core/Src/dma.o
 .debug_aranges
                0x000001f0       0x20 ./Core/Src/gpio.o
 .debug_aranges
                0x00000210       0x30 ./Core/Src/main.o
 .debug_aranges
                0x00000240       0x20 ./Core/Src/stm32f1xx_hal_msp.o
 .debug_aranges
                0x00000260       0x70 ./Core/Src/stm32f1xx_it.o
 .debug_aranges
                0x000002d0       0xa8 ./Core/Src/syscalls.o
 .debug_aranges
                0x00000378       0x20 ./Core/Src/sysmem.o
 .debug_aranges
                0x00000398       0x28 ./Core/Src/system_stm32f1xx.o
 .debug_aranges
                0x000003c0       0x30 ./Core/Src/usart.o
 .debug_aranges
                0x000003f0       0x28 ./Core/Startup/startup_stm32f103rctx.o
 .debug_aranges
                0x00000418       0xe0 ./Drivers/STM32F1xx_HAL_Driver/Src/stm32f1xx_hal.o
 .debug_aranges
                0x000004f8      0x100 ./Drivers/STM32F1xx_HAL_Driver/Src/stm32f1xx_hal_cortex.o
 .debug_aranges
                0x000005f8       0x80 ./Drivers/STM32F1xx_HAL_Driver/Src/stm32f1xx_hal_dma.o
 .debug_aranges
                0x00000678       0x58 ./Drivers/STM32F1xx_HAL_Driver/Src/stm32f1xx_hal_gpio.o
 .debug_aranges
                0x000006d0       0x90 ./Drivers/STM32F1xx_HAL_Driver/Src/stm32f1xx_hal_rcc.o
 .debug_aranges
                0x00000760      0x208 ./Drivers/STM32F1xx_HAL_Driver/Src/stm32f1xx_hal_uart.o

.debug_rnglists
                0x00000000      0x6f7
 .debug_rnglists
                0x00000000       0x1f ./BSP/bsp.o
 .debug_rnglists
                0x0000001f       0x32 ./BSP/bsp_beep.o
 .debug_rnglists
                0x00000051       0x19 ./BSP/bsp_key.o
 .debug_rnglists
                0x0000006a       0x6b ./BSP/bsp_mpu9250.o
 .debug_rnglists
                0x000000d5       0x46 ./BSP/bsp_mpuiic.o
 .debug_rnglists
                0x0000011b       0x2b ./BSP/bsp_uart.o
 .debug_rnglists
                0x00000146       0x13 ./Core/Src/dma.o
 .debug_rnglists
                0x00000159       0x14 ./Core/Src/gpio.o
 .debug_rnglists
                0x0000016d       0x20 ./Core/Src/main.o
 .debug_rnglists
                0x0000018d       0x13 ./Core/Src/stm32f1xx_hal_msp.o
 .debug_rnglists
                0x000001a0       0x4f ./Core/Src/stm32f1xx_it.o
 .debug_rnglists
                0x000001ef       0x79 ./Core/Src/syscalls.o
 .debug_rnglists
                0x00000268       0x13 ./Core/Src/sysmem.o
 .debug_rnglists
                0x0000027b       0x1a ./Core/Src/system_stm32f1xx.o
 .debug_rnglists
                0x00000295       0x20 ./Core/Src/usart.o
 .debug_rnglists
                0x000002b5       0x19 ./Core/Startup/startup_stm32f103rctx.o
 .debug_rnglists
                0x000002ce       0xa3 ./Drivers/STM32F1xx_HAL_Driver/Src/stm32f1xx_hal.o
 .debug_rnglists
                0x00000371       0xbb ./Drivers/STM32F1xx_HAL_Driver/Src/stm32f1xx_hal_cortex.o
 .debug_rnglists
                0x0000042c       0x64 ./Drivers/STM32F1xx_HAL_Driver/Src/stm32f1xx_hal_dma.o
 .debug_rnglists
                0x00000490       0x3f ./Drivers/STM32F1xx_HAL_Driver/Src/stm32f1xx_hal_gpio.o
 .debug_rnglists
                0x000004cf       0x6c ./Drivers/STM32F1xx_HAL_Driver/Src/stm32f1xx_hal_rcc.o
 .debug_rnglists
                0x0000053b      0x1bc ./Drivers/STM32F1xx_HAL_Driver/Src/stm32f1xx_hal_uart.o

.debug_macro    0x00000000    0x1b6ac
 .debug_macro   0x00000000      0x2d2 ./BSP/bsp.o
 .debug_macro   0x000002d2      0xacc ./BSP/bsp.o
 .debug_macro   0x00000d9e       0x22 ./BSP/bsp.o
 .debug_macro   0x00000dc0       0x5b ./BSP/bsp.o
 .debug_macro   0x00000e1b       0x24 ./BSP/bsp.o
 .debug_macro   0x00000e3f       0x94 ./BSP/bsp.o
 .debug_macro   0x00000ed3       0x43 ./BSP/bsp.o
 .debug_macro   0x00000f16       0x34 ./BSP/bsp.o
 .debug_macro   0x00000f4a       0x16 ./BSP/bsp.o
 .debug_macro   0x00000f60       0x57 ./BSP/bsp.o
 .debug_macro   0x00000fb7       0x9e ./BSP/bsp.o
 .debug_macro   0x00001055      0x370 ./BSP/bsp.o
 .debug_macro   0x000013c5      0x112 ./BSP/bsp.o
 .debug_macro   0x000014d7       0x10 ./BSP/bsp.o
 .debug_macro   0x000014e7       0x16 ./BSP/bsp.o
 .debug_macro   0x000014fd       0x4a ./BSP/bsp.o
 .debug_macro   0x00001547       0x34 ./BSP/bsp.o
 .debug_macro   0x0000157b       0x10 ./BSP/bsp.o
 .debug_macro   0x0000158b       0x58 ./BSP/bsp.o
 .debug_macro   0x000015e3       0x8e ./BSP/bsp.o
 .debug_macro   0x00001671       0x1c ./BSP/bsp.o
 .debug_macro   0x0000168d      0x185 ./BSP/bsp.o
 .debug_macro   0x00001812       0x16 ./BSP/bsp.o
 .debug_macro   0x00001828       0x16 ./BSP/bsp.o
 .debug_macro   0x0000183e      0x146 ./BSP/bsp.o
 .debug_macro   0x00001984      0x103 ./BSP/bsp.o
 .debug_macro   0x00001a87       0x6a ./BSP/bsp.o
 .debug_macro   0x00001af1      0x1df ./BSP/bsp.o
 .debug_macro   0x00001cd0      0x21b ./BSP/bsp.o
 .debug_macro   0x00001eeb       0x2e ./BSP/bsp.o
 .debug_macro   0x00001f19       0x22 ./BSP/bsp.o
 .debug_macro   0x00001f3b       0x1c ./BSP/bsp.o
 .debug_macro   0x00001f57       0x22 ./BSP/bsp.o
 .debug_macro   0x00001f79       0xbd ./BSP/bsp.o
 .debug_macro   0x00002036      0xd23 ./BSP/bsp.o
 .debug_macro   0x00002d59     0xfd8c ./BSP/bsp.o
 .debug_macro   0x00012ae5       0x6d ./BSP/bsp.o
 .debug_macro   0x00012b52     0x34a2 ./BSP/bsp.o
 .debug_macro   0x00015ff4       0x56 ./BSP/bsp.o
 .debug_macro   0x0001604a      0x5bc ./BSP/bsp.o
 .debug_macro   0x00016606      0x4d5 ./BSP/bsp.o
 .debug_macro   0x00016adb      0x1cb ./BSP/bsp.o
 .debug_macro   0x00016ca6      0x114 ./BSP/bsp.o
 .debug_macro   0x00016dba      0x1ea ./BSP/bsp.o
 .debug_macro   0x00016fa4       0x27 ./BSP/bsp.o
 .debug_macro   0x00016fcb      0x144 ./BSP/bsp.o
 .debug_macro   0x0001710f      0x1bc ./BSP/bsp.o
 .debug_macro   0x000172cb       0x30 ./BSP/bsp.o
 .debug_macro   0x000172fb       0x3c ./BSP/bsp.o
 .debug_macro   0x00017337       0x57 ./BSP/bsp.o
 .debug_macro   0x0001738e       0x87 ./BSP/bsp.o
 .debug_macro   0x00017415      0x24f ./BSP/bsp.o
 .debug_macro   0x00017664      0x140 ./BSP/bsp.o
 .debug_macro   0x000177a4      0x28e ./BSP/bsp.o
 .debug_macro   0x00017a32       0xb5 ./BSP/bsp.o
 .debug_macro   0x00017ae7       0x4c ./BSP/bsp.o
 .debug_macro   0x00017b33       0x28 ./BSP/bsp.o
 .debug_macro   0x00017b5b       0x22 ./BSP/bsp.o
 .debug_macro   0x00017b7d       0x22 ./BSP/bsp.o
 .debug_macro   0x00017b9f      0x1d2 ./BSP/bsp.o
 .debug_macro   0x00017d71       0x16 ./BSP/bsp.o
 .debug_macro   0x00017d87      0x2de ./BSP/bsp_beep.o
 .debug_macro   0x00018065       0x8e ./BSP/bsp_beep.o
 .debug_macro   0x000180f3       0x51 ./BSP/bsp_beep.o
 .debug_macro   0x00018144      0x190 ./BSP/bsp_beep.o
 .debug_macro   0x000182d4       0x5c ./BSP/bsp_beep.o
 .debug_macro   0x00018330       0x22 ./BSP/bsp_beep.o
 .debug_macro   0x00018352       0x61 ./BSP/bsp_beep.o
 .debug_macro   0x000183b3       0x3c ./BSP/bsp_beep.o
 .debug_macro   0x000183ef      0x2de ./BSP/bsp_key.o
 .debug_macro   0x000186cd       0x1c ./BSP/bsp_key.o
 .debug_macro   0x000186e9      0x2de ./BSP/bsp_mpu9250.o
 .debug_macro   0x000189c7      0x1cc ./BSP/bsp_mpu9250.o
 .debug_macro   0x00018b93      0x2d8 ./BSP/bsp_mpuiic.o
 .debug_macro   0x00018e6b      0x2e4 ./BSP/bsp_uart.o
 .debug_macro   0x0001914f      0x1a7 ./Core/Src/dma.o
 .debug_macro   0x000192f6      0x1a7 ./Core/Src/gpio.o
 .debug_macro   0x0001949d      0x2e2 ./Core/Src/main.o
 .debug_macro   0x0001977f      0x19d ./Core/Src/stm32f1xx_hal_msp.o
 .debug_macro   0x0001991c      0x1a7 ./Core/Src/stm32f1xx_it.o
 .debug_macro   0x00019ac3      0x274 ./Core/Src/syscalls.o
 .debug_macro   0x00019d37       0x10 ./Core/Src/syscalls.o
 .debug_macro   0x00019d47       0x10 ./Core/Src/syscalls.o
 .debug_macro   0x00019d57       0x10 ./Core/Src/syscalls.o
 .debug_macro   0x00019d67       0x10 ./Core/Src/syscalls.o
 .debug_macro   0x00019d77       0x1c ./Core/Src/syscalls.o
 .debug_macro   0x00019d93       0x52 ./Core/Src/syscalls.o
 .debug_macro   0x00019de5       0x22 ./Core/Src/syscalls.o
 .debug_macro   0x00019e07       0x10 ./Core/Src/syscalls.o
 .debug_macro   0x00019e17       0x52 ./Core/Src/syscalls.o
 .debug_macro   0x00019e69       0xcf ./Core/Src/syscalls.o
 .debug_macro   0x00019f38       0x1c ./Core/Src/syscalls.o
 .debug_macro   0x00019f54       0x3d ./Core/Src/syscalls.o
 .debug_macro   0x00019f91       0x35 ./Core/Src/syscalls.o
 .debug_macro   0x00019fc6      0x12c ./Core/Src/syscalls.o
 .debug_macro   0x0001a0f2       0x16 ./Core/Src/syscalls.o
 .debug_macro   0x0001a108       0x16 ./Core/Src/syscalls.o
 .debug_macro   0x0001a11e       0x29 ./Core/Src/syscalls.o
 .debug_macro   0x0001a147       0x10 ./Core/Src/syscalls.o
 .debug_macro   0x0001a157      0x242 ./Core/Src/syscalls.o
 .debug_macro   0x0001a399       0x1c ./Core/Src/syscalls.o
 .debug_macro   0x0001a3b5       0x10 ./Core/Src/syscalls.o
 .debug_macro   0x0001a3c5      0x18a ./Core/Src/syscalls.o
 .debug_macro   0x0001a54f       0x16 ./Core/Src/syscalls.o
 .debug_macro   0x0001a565       0xce ./Core/Src/syscalls.o
 .debug_macro   0x0001a633      0x112 ./Core/Src/sysmem.o
 .debug_macro   0x0001a745      0x23c ./Core/Src/sysmem.o
 .debug_macro   0x0001a981      0x18e ./Core/Src/system_stm32f1xx.o
 .debug_macro   0x0001ab0f      0x1a7 ./Core/Src/usart.o
 .debug_macro   0x0001acb6      0x1b2 ./Drivers/STM32F1xx_HAL_Driver/Src/stm32f1xx_hal.o
 .debug_macro   0x0001ae68      0x18e ./Drivers/STM32F1xx_HAL_Driver/Src/stm32f1xx_hal_cortex.o
 .debug_macro   0x0001aff6      0x18e ./Drivers/STM32F1xx_HAL_Driver/Src/stm32f1xx_hal_dma.o
 .debug_macro   0x0001b184      0x1f9 ./Drivers/STM32F1xx_HAL_Driver/Src/stm32f1xx_hal_gpio.o
 .debug_macro   0x0001b37d      0x1a0 ./Drivers/STM32F1xx_HAL_Driver/Src/stm32f1xx_hal_rcc.o
 .debug_macro   0x0001b51d      0x18f ./Drivers/STM32F1xx_HAL_Driver/Src/stm32f1xx_hal_uart.o

.debug_line     0x00000000     0xd023
 .debug_line    0x00000000      0x805 ./BSP/bsp.o
 .debug_line    0x00000805      0x85c ./BSP/bsp_beep.o
 .debug_line    0x00001061      0x7ee ./BSP/bsp_key.o
 .debug_line    0x0000184f      0xaf0 ./BSP/bsp_mpu9250.o
 .debug_line    0x0000233f      0x94c ./BSP/bsp_mpuiic.o
 .debug_line    0x00002c8b      0x80b ./BSP/bsp_uart.o
 .debug_line    0x00003496      0x60c ./Core/Src/dma.o
 .debug_line    0x00003aa2      0x646 ./Core/Src/gpio.o
 .debug_line    0x000040e8      0x83f ./Core/Src/main.o
 .debug_line    0x00004927      0x611 ./Core/Src/stm32f1xx_hal_msp.o
 .debug_line    0x00004f38      0x6ef ./Core/Src/stm32f1xx_it.o
 .debug_line    0x00005627      0x7e1 ./Core/Src/syscalls.o
 .debug_line    0x00005e08      0x4bd ./Core/Src/sysmem.o
 .debug_line    0x000062c5      0x68f ./Core/Src/system_stm32f1xx.o
 .debug_line    0x00006954      0x6ae ./Core/Src/usart.o
 .debug_line    0x00007002       0x79 ./Core/Startup/startup_stm32f103rctx.o
 .debug_line    0x0000707b      0x8c0 ./Drivers/STM32F1xx_HAL_Driver/Src/stm32f1xx_hal.o
 .debug_line    0x0000793b      0xa8a ./Drivers/STM32F1xx_HAL_Driver/Src/stm32f1xx_hal_cortex.o
 .debug_line    0x000083c5     0x11c4 ./Drivers/STM32F1xx_HAL_Driver/Src/stm32f1xx_hal_dma.o
 .debug_line    0x00009589      0x945 ./Drivers/STM32F1xx_HAL_Driver/Src/stm32f1xx_hal_gpio.o
 .debug_line    0x00009ece      0xd79 ./Drivers/STM32F1xx_HAL_Driver/Src/stm32f1xx_hal_rcc.o
 .debug_line    0x0000ac47     0x23dc ./Drivers/STM32F1xx_HAL_Driver/Src/stm32f1xx_hal_uart.o

.debug_str      0x00000000    0x9300f
 .debug_str     0x00000000    0x9300f ./BSP/bsp.o
                              0x8f07c (size before relaxing)
 .debug_str     0x0009300f    0x8f083 ./BSP/bsp_beep.o
 .debug_str     0x0009300f    0x8f020 ./BSP/bsp_key.o
 .debug_str     0x0009300f    0x8f1b7 ./BSP/bsp_mpu9250.o
 .debug_str     0x0009300f    0x8f0c0 ./BSP/bsp_mpuiic.o
 .debug_str     0x0009300f    0x8f4a4 ./BSP/bsp_uart.o
 .debug_str     0x0009300f    0x8b22a ./Core/Src/dma.o
 .debug_str     0x0009300f    0x8aee8 ./Core/Src/gpio.o
 .debug_str     0x0009300f    0x8f176 ./Core/Src/main.o
 .debug_str     0x0009300f    0x8ae70 ./Core/Src/stm32f1xx_hal_msp.o
 .debug_str     0x0009300f    0x8b2fb ./Core/Src/stm32f1xx_it.o
 .debug_str     0x0009300f     0x9985 ./Core/Src/syscalls.o
 .debug_str     0x0009300f     0x7723 ./Core/Src/sysmem.o
 .debug_str     0x0009300f    0x8ad91 ./Core/Src/system_stm32f1xx.o
 .debug_str     0x0009300f    0x8b75a ./Core/Src/usart.o
 .debug_str     0x0009300f       0x7d ./Core/Startup/startup_stm32f103rctx.o
 .debug_str     0x0009300f    0x8b5a8 ./Drivers/STM32F1xx_HAL_Driver/Src/stm32f1xx_hal.o
 .debug_str     0x0009300f    0x8b4f4 ./Drivers/STM32F1xx_HAL_Driver/Src/stm32f1xx_hal_cortex.o
 .debug_str     0x0009300f    0x8b13a ./Drivers/STM32F1xx_HAL_Driver/Src/stm32f1xx_hal_dma.o
 .debug_str     0x0009300f    0x8b117 ./Drivers/STM32F1xx_HAL_Driver/Src/stm32f1xx_hal_gpio.o
 .debug_str     0x0009300f    0x8b1c0 ./Drivers/STM32F1xx_HAL_Driver/Src/stm32f1xx_hal_rcc.o
 .debug_str     0x0009300f    0x8b831 ./Drivers/STM32F1xx_HAL_Driver/Src/stm32f1xx_hal_uart.o

.comment        0x00000000       0x43
 .comment       0x00000000       0x43 ./BSP/bsp.o
                                 0x44 (size before relaxing)
 .comment       0x00000043       0x44 ./BSP/bsp_beep.o
 .comment       0x00000043       0x44 ./BSP/bsp_key.o
 .comment       0x00000043       0x44 ./BSP/bsp_mpu9250.o
 .comment       0x00000043       0x44 ./BSP/bsp_mpuiic.o
 .comment       0x00000043       0x44 ./BSP/bsp_uart.o
 .comment       0x00000043       0x44 ./Core/Src/dma.o
 .comment       0x00000043       0x44 ./Core/Src/gpio.o
 .comment       0x00000043       0x44 ./Core/Src/main.o
 .comment       0x00000043       0x44 ./Core/Src/stm32f1xx_hal_msp.o
 .comment       0x00000043       0x44 ./Core/Src/stm32f1xx_it.o
 .comment       0x00000043       0x44 ./Core/Src/syscalls.o
 .comment       0x00000043       0x44 ./Core/Src/sysmem.o
 .comment       0x00000043       0x44 ./Core/Src/system_stm32f1xx.o
 .comment       0x00000043       0x44 ./Core/Src/usart.o
 .comment       0x00000043       0x44 ./Drivers/STM32F1xx_HAL_Driver/Src/stm32f1xx_hal.o
 .comment       0x00000043       0x44 ./Drivers/STM32F1xx_HAL_Driver/Src/stm32f1xx_hal_cortex.o
 .comment       0x00000043       0x44 ./Drivers/STM32F1xx_HAL_Driver/Src/stm32f1xx_hal_dma.o
 .comment       0x00000043       0x44 ./Drivers/STM32F1xx_HAL_Driver/Src/stm32f1xx_hal_gpio.o
 .comment       0x00000043       0x44 ./Drivers/STM32F1xx_HAL_Driver/Src/stm32f1xx_hal_rcc.o
 .comment       0x00000043       0x44 ./Drivers/STM32F1xx_HAL_Driver/Src/stm32f1xx_hal_uart.o

.debug_frame    0x00000000     0x29dc
 .debug_frame   0x00000000       0x6c ./BSP/bsp.o
 .debug_frame   0x0000006c       0xe0 ./BSP/bsp_beep.o
 .debug_frame   0x0000014c       0x50 ./BSP/bsp_key.o
 .debug_frame   0x0000019c      0x21c ./BSP/bsp_mpu9250.o
 .debug_frame   0x000003b8      0x130 ./BSP/bsp_mpuiic.o
 .debug_frame   0x000004e8       0xbc ./BSP/bsp_uart.o
 .debug_frame   0x000005a4       0x34 ./Core/Src/dma.o
 .debug_frame   0x000005d8       0x34 ./Core/Src/gpio.o
 .debug_frame   0x0000060c       0x68 ./Core/Src/main.o
 .debug_frame   0x00000674       0x38 ./Core/Src/stm32f1xx_hal_msp.o
 .debug_frame   0x000006ac      0x13c ./Core/Src/stm32f1xx_it.o
 .debug_frame   0x000007e8      0x2ac ./Core/Src/syscalls.o
 .debug_frame   0x00000a94       0x34 ./Core/Src/sysmem.o
 .debug_frame   0x00000ac8       0x58 ./Core/Src/system_stm32f1xx.o
 .debug_frame   0x00000b20       0x74 ./Core/Src/usart.o
 .debug_frame   0x00000b94      0x334 ./Drivers/STM32F1xx_HAL_Driver/Src/stm32f1xx_hal.o
 .debug_frame   0x00000ec8      0x428 ./Drivers/STM32F1xx_HAL_Driver/Src/stm32f1xx_hal_cortex.o
 .debug_frame   0x000012f0      0x20c ./Drivers/STM32F1xx_HAL_Driver/Src/stm32f1xx_hal_dma.o
 .debug_frame   0x000014fc      0x14c ./Drivers/STM32F1xx_HAL_Driver/Src/stm32f1xx_hal_gpio.o
 .debug_frame   0x00001648      0x218 ./Drivers/STM32F1xx_HAL_Driver/Src/stm32f1xx_hal_rcc.o
 .debug_frame   0x00001860      0x944 ./Drivers/STM32F1xx_HAL_Driver/Src/stm32f1xx_hal_uart.o
 .debug_frame   0x000021a4      0x144 /opt/st/stm32cubeide_1.19.0/plugins/com.st.stm32cube.ide.mcu.externaltools.gnu-tools-for-stm32.13.3.rel1.linux64_1.0.0.202410170706/tools/bin/../lib/gcc/arm-none-eabi/13.3.1/../../../../arm-none-eabi/lib/thumb/v7-m/nofp/libc_nano.a(libc_a-findfp.o)
 .debug_frame   0x000022e8       0x34 /opt/st/stm32cubeide_1.19.0/plugins/com.st.stm32cube.ide.mcu.externaltools.gnu-tools-for-stm32.13.3.rel1.linux64_1.0.0.202410170706/tools/bin/../lib/gcc/arm-none-eabi/13.3.1/../../../../arm-none-eabi/lib/thumb/v7-m/nofp/libc_nano.a(libc_a-fwalk.o)
 .debug_frame   0x0000231c       0x6c /opt/st/stm32cubeide_1.19.0/plugins/com.st.stm32cube.ide.mcu.externaltools.gnu-tools-for-stm32.13.3.rel1.linux64_1.0.0.202410170706/tools/bin/../lib/gcc/arm-none-eabi/13.3.1/../../../../arm-none-eabi/lib/thumb/v7-m/nofp/libc_nano.a(libc_a-printf.o)
 .debug_frame   0x00002388       0x3c /opt/st/stm32cubeide_1.19.0/plugins/com.st.stm32cube.ide.mcu.externaltools.gnu-tools-for-stm32.13.3.rel1.linux64_1.0.0.202410170706/tools/bin/../lib/gcc/arm-none-eabi/13.3.1/../../../../arm-none-eabi/lib/thumb/v7-m/nofp/libc_nano.a(libc_a-puts.o)
 .debug_frame   0x000023c4       0x88 /opt/st/stm32cubeide_1.19.0/plugins/com.st.stm32cube.ide.mcu.externaltools.gnu-tools-for-stm32.13.3.rel1.linux64_1.0.0.202410170706/tools/bin/../lib/gcc/arm-none-eabi/13.3.1/../../../../arm-none-eabi/lib/thumb/v7-m/nofp/libc_nano.a(libc_a-stdio.o)
 .debug_frame   0x0000244c       0x40 /opt/st/stm32cubeide_1.19.0/plugins/com.st.stm32cube.ide.mcu.externaltools.gnu-tools-for-stm32.13.3.rel1.linux64_1.0.0.202410170706/tools/bin/../lib/gcc/arm-none-eabi/13.3.1/../../../../arm-none-eabi/lib/thumb/v7-m/nofp/libc_nano.a(libc_a-wbuf.o)
 .debug_frame   0x0000248c       0x2c /opt/st/stm32cubeide_1.19.0/plugins/com.st.stm32cube.ide.mcu.externaltools.gnu-tools-for-stm32.13.3.rel1.linux64_1.0.0.202410170706/tools/bin/../lib/gcc/arm-none-eabi/13.3.1/../../../../arm-none-eabi/lib/thumb/v7-m/nofp/libc_nano.a(libc_a-wsetup.o)
 .debug_frame   0x000024b8       0x20 /opt/st/stm32cubeide_1.19.0/plugins/com.st.stm32cube.ide.mcu.externaltools.gnu-tools-for-stm32.13.3.rel1.linux64_1.0.0.202410170706/tools/bin/../lib/gcc/arm-none-eabi/13.3.1/../../../../arm-none-eabi/lib/thumb/v7-m/nofp/libc_nano.a(libc_a-memset.o)
 .debug_frame   0x000024d8       0x2c /opt/st/stm32cubeide_1.19.0/plugins/com.st.stm32cube.ide.mcu.externaltools.gnu-tools-for-stm32.13.3.rel1.linux64_1.0.0.202410170706/tools/bin/../lib/gcc/arm-none-eabi/13.3.1/../../../../arm-none-eabi/lib/thumb/v7-m/nofp/libc_nano.a(libc_a-closer.o)
 .debug_frame   0x00002504       0x38 /opt/st/stm32cubeide_1.19.0/plugins/com.st.stm32cube.ide.mcu.externaltools.gnu-tools-for-stm32.13.3.rel1.linux64_1.0.0.202410170706/tools/bin/../lib/gcc/arm-none-eabi/13.3.1/../../../../arm-none-eabi/lib/thumb/v7-m/nofp/libc_nano.a(libc_a-reent.o)
 .debug_frame   0x0000253c       0x2c /opt/st/stm32cubeide_1.19.0/plugins/com.st.stm32cube.ide.mcu.externaltools.gnu-tools-for-stm32.13.3.rel1.linux64_1.0.0.202410170706/tools/bin/../lib/gcc/arm-none-eabi/13.3.1/../../../../arm-none-eabi/lib/thumb/v7-m/nofp/libc_nano.a(libc_a-lseekr.o)
 .debug_frame   0x00002568       0x2c /opt/st/stm32cubeide_1.19.0/plugins/com.st.stm32cube.ide.mcu.externaltools.gnu-tools-for-stm32.13.3.rel1.linux64_1.0.0.202410170706/tools/bin/../lib/gcc/arm-none-eabi/13.3.1/../../../../arm-none-eabi/lib/thumb/v7-m/nofp/libc_nano.a(libc_a-readr.o)
 .debug_frame   0x00002594       0x2c /opt/st/stm32cubeide_1.19.0/plugins/com.st.stm32cube.ide.mcu.externaltools.gnu-tools-for-stm32.13.3.rel1.linux64_1.0.0.202410170706/tools/bin/../lib/gcc/arm-none-eabi/13.3.1/../../../../arm-none-eabi/lib/thumb/v7-m/nofp/libc_nano.a(libc_a-writer.o)
 .debug_frame   0x000025c0       0x20 /opt/st/stm32cubeide_1.19.0/plugins/com.st.stm32cube.ide.mcu.externaltools.gnu-tools-for-stm32.13.3.rel1.linux64_1.0.0.202410170706/tools/bin/../lib/gcc/arm-none-eabi/13.3.1/../../../../arm-none-eabi/lib/thumb/v7-m/nofp/libc_nano.a(libc_a-errno.o)
 .debug_frame   0x000025e0       0x2c /opt/st/stm32cubeide_1.19.0/plugins/com.st.stm32cube.ide.mcu.externaltools.gnu-tools-for-stm32.13.3.rel1.linux64_1.0.0.202410170706/tools/bin/../lib/gcc/arm-none-eabi/13.3.1/../../../../arm-none-eabi/lib/thumb/v7-m/nofp/libc_nano.a(libc_a-init.o)
 .debug_frame   0x0000260c       0xb0 /opt/st/stm32cubeide_1.19.0/plugins/com.st.stm32cube.ide.mcu.externaltools.gnu-tools-for-stm32.13.3.rel1.linux64_1.0.0.202410170706/tools/bin/../lib/gcc/arm-none-eabi/13.3.1/../../../../arm-none-eabi/lib/thumb/v7-m/nofp/libc_nano.a(libc_a-lock.o)
 .debug_frame   0x000026bc       0x38 /opt/st/stm32cubeide_1.19.0/plugins/com.st.stm32cube.ide.mcu.externaltools.gnu-tools-for-stm32.13.3.rel1.linux64_1.0.0.202410170706/tools/bin/../lib/gcc/arm-none-eabi/13.3.1/../../../../arm-none-eabi/lib/thumb/v7-m/nofp/libc_nano.a(libc_a-freer.o)
 .debug_frame   0x000026f4       0x50 /opt/st/stm32cubeide_1.19.0/plugins/com.st.stm32cube.ide.mcu.externaltools.gnu-tools-for-stm32.13.3.rel1.linux64_1.0.0.202410170706/tools/bin/../lib/gcc/arm-none-eabi/13.3.1/../../../../arm-none-eabi/lib/thumb/v7-m/nofp/libc_nano.a(libc_a-mallocr.o)
 .debug_frame   0x00002744       0x30 /opt/st/stm32cubeide_1.19.0/plugins/com.st.stm32cube.ide.mcu.externaltools.gnu-tools-for-stm32.13.3.rel1.linux64_1.0.0.202410170706/tools/bin/../lib/gcc/arm-none-eabi/13.3.1/../../../../arm-none-eabi/lib/thumb/v7-m/nofp/libc_nano.a(libc_a-mlock.o)
 .debug_frame   0x00002774       0xa8 /opt/st/stm32cubeide_1.19.0/plugins/com.st.stm32cube.ide.mcu.externaltools.gnu-tools-for-stm32.13.3.rel1.linux64_1.0.0.202410170706/tools/bin/../lib/gcc/arm-none-eabi/13.3.1/../../../../arm-none-eabi/lib/thumb/v7-m/nofp/libc_nano.a(libc_a-nano-vfprintf.o)
 .debug_frame   0x0000281c       0x60 /opt/st/stm32cubeide_1.19.0/plugins/com.st.stm32cube.ide.mcu.externaltools.gnu-tools-for-stm32.13.3.rel1.linux64_1.0.0.202410170706/tools/bin/../lib/gcc/arm-none-eabi/13.3.1/../../../../arm-none-eabi/lib/thumb/v7-m/nofp/libc_nano.a(libc_a-nano-vfprintf_i.o)
 .debug_frame   0x0000287c       0x5c /opt/st/stm32cubeide_1.19.0/plugins/com.st.stm32cube.ide.mcu.externaltools.gnu-tools-for-stm32.13.3.rel1.linux64_1.0.0.202410170706/tools/bin/../lib/gcc/arm-none-eabi/13.3.1/../../../../arm-none-eabi/lib/thumb/v7-m/nofp/libc_nano.a(libc_a-fflush.o)
 .debug_frame   0x000028d8       0x58 /opt/st/stm32cubeide_1.19.0/plugins/com.st.stm32cube.ide.mcu.externaltools.gnu-tools-for-stm32.13.3.rel1.linux64_1.0.0.202410170706/tools/bin/../lib/gcc/arm-none-eabi/13.3.1/../../../../arm-none-eabi/lib/thumb/v7-m/nofp/libc_nano.a(libc_a-makebuf.o)
 .debug_frame   0x00002930       0x2c /opt/st/stm32cubeide_1.19.0/plugins/com.st.stm32cube.ide.mcu.externaltools.gnu-tools-for-stm32.13.3.rel1.linux64_1.0.0.202410170706/tools/bin/../lib/gcc/arm-none-eabi/13.3.1/../../../../arm-none-eabi/lib/thumb/v7-m/nofp/libc_nano.a(libc_a-fstatr.o)
 .debug_frame   0x0000295c       0x2c /opt/st/stm32cubeide_1.19.0/plugins/com.st.stm32cube.ide.mcu.externaltools.gnu-tools-for-stm32.13.3.rel1.linux64_1.0.0.202410170706/tools/bin/../lib/gcc/arm-none-eabi/13.3.1/../../../../arm-none-eabi/lib/thumb/v7-m/nofp/libc_nano.a(libc_a-isattyr.o)
 .debug_frame   0x00002988       0x2c /opt/st/stm32cubeide_1.19.0/plugins/com.st.stm32cube.ide.mcu.externaltools.gnu-tools-for-stm32.13.3.rel1.linux64_1.0.0.202410170706/tools/bin/../lib/gcc/arm-none-eabi/13.3.1/../../../../arm-none-eabi/lib/thumb/v7-m/nofp/libc_nano.a(libc_a-sbrkr.o)